MSBuild version 18.6.3+84d3e95b4 for .NET Framework

  Checking File Globs
  1>Checking Build System
  Scanning sources for module dependencies...
  uniform_grid_spatial_index.cpp
  linear_spatial_index.cpp
  spatial_index_differential_test.cpp
  Compiling...
  linear_spatial_index.cpp
  spatial_index_differential_test.cpp
  uniform_grid_spatial_index.cpp
  canvas_g2_a5_spatial_index_differential_test.vcxproj -> D:\GitRepos\mostorm-labs\canvas\build-windows-real\runtime\scene\tests\RelWithDebInfo\canvas_g2_a5_spatial_index_differential_test.exe
  Run GT-G2-00-A5 P36 spatial differential oracle
  1>Generating generated/auditoryworks/axiom/v1/brush_engine.pb.cc, generated/auditoryworks/axiom/v1/brush_stroke.pb.cc, generated/auditoryworks/axiom/v1/common.pb.cc, generated/auditoryworks/axiom/v1/connector.pb.cc, generated/auditoryworks/axiom/v1/erase_mask.pb.cc, generated/auditoryworks/axiom/v1/geometry.pb.cc, generated/auditoryworks/axiom/v1/object.pb.cc, generated/auditoryworks/axiom/v1/operation.pb.cc, generated/auditoryworks/axiom/v1/paint.pb.cc, generated/auditoryworks/axiom/v1/property.pb.cc, generated/auditoryworks/axiom/v1/rich_text.pb.cc, generated/auditoryworks/axiom/v1/snapshot.pb.cc, generated/auditoryworks/axiom/v1/vector_path.pb.cc, generated/auditoryworks/axiom/v1/brush_engine.pb.h, generated/auditoryworks/axiom/v1/brush_stroke.pb.h, generated/auditoryworks/axiom/v1/common.pb.h, generated/auditoryworks/axiom/v1/connector.pb.h, generated/auditoryworks/axiom/v1/erase_mask.pb.h, generated/auditoryworks/axiom/v1/geometry.pb.h, generated/auditoryworks/axiom/v1/object.pb.h, generated/auditoryworks/axiom/v1/operation.pb.h, generated/auditoryworks/axiom/v1/paint.pb.h, generated/auditoryworks/axiom/v1/property.pb.h, generated/auditoryworks/axiom/v1/rich_text.pb.h, generated/auditoryworks/axiom/v1/snapshot.pb.h, generated/auditoryworks/axiom/v1/vector_path.pb.h
  Building Custom Rule D:/GitRepos/mostorm-labs/canvas/runtime/semantic/CMakeLists.txt
  Scanning sources for module dependencies...
  hierarchy_validation.cpp
  indexed_object_store.cpp
  operation_fingerprint.cpp
  idempotency.cpp
  object_index.cpp
  operation_state_validator.cpp
  staged_object_view.cpp
  reference_object_store.cpp
  normalizer.cpp
  semantic_types.cpp
  applied_operation_ledger.cpp
  change_set.cpp
  codec.cpp
  operation_specific_validation.cpp
  rich_text_state_plan.cpp
  brush_engine_codec.cpp
  validator.cpp
  delete_closure.cpp
  connector_validation.cpp
  hierarchy_capability_validation.cpp
  stateful_validation.cpp
  snapshot.cpp
  restore_planner.cpp
  snapshot_bootstrap.cpp
  protobuf_object_mapping.cpp
  change_set_builder.cpp
  operation_engine.cpp
  replay.cpp
  apply_plan.cpp
  brush_engine.pb.cc
  atomic_apply.cpp
  common.pb.cc
  brush_stroke.pb.cc
  erase_mask.pb.cc
  connector.pb.cc
  geometry.pb.cc
  object.pb.cc
  operation.pb.cc
  rich_text.pb.cc
  property.pb.cc
  vector_path.pb.cc
  paint.pb.cc
  snapshot.pb.cc
  Compiling...
  normalizer.cpp
  operation_state_validator.cpp
  object_index.cpp
  change_set.cpp
  operation_fingerprint.cpp
  hierarchy_validation.cpp
  reference_object_store.cpp
  semantic_types.cpp
  applied_operation_ledger.cpp
  staged_object_view.cpp
  indexed_object_store.cpp
  idempotency.cpp
  connector_validation.cpp
  stateful_validation.cpp
  validator.cpp
  hierarchy_capability_validation.cpp
  delete_closure.cpp
  codec.cpp
  restore_planner.cpp
  brush_engine_codec.cpp
  snapshot_bootstrap.cpp
  rich_text_state_plan.cpp
  snapshot.cpp
  operation_specific_validation.cpp
  protobuf_object_mapping.cpp
  replay.cpp
  apply_plan.cpp
  atomic_apply.cpp
  operation_engine.cpp
  brush_engine.pb.cc
  change_set_builder.cpp
  brush_stroke.pb.cc
  common.pb.cc
  connector.pb.cc
  object.pb.cc
  operation.pb.cc
  geometry.pb.cc
  property.pb.cc
  erase_mask.pb.cc
  paint.pb.cc
  snapshot.pb.cc
  rich_text.pb.cc
  vector_path.pb.cc
  canvas_runtime_semantic.vcxproj -> D:\GitRepos\mostorm-labs\canvas\build-windows-real\runtime\semantic\RelWithDebInfo\canvas_runtime_semantic.lib
  Building Custom Rule D:/GitRepos/mostorm-labs/canvas/runtime/scene/CMakeLists.txt
  Scanning sources for module dependencies...
  incremental_runtime_coordinator.cpp
  reference_geometry.cpp
  scene_dependency_graph.cpp
  bounds_system.cpp
  direct_render_scene.cpp
  damage_tracker.cpp
  scene_delta.cpp
  scene_impact.cpp
  scene_record_store.cpp
  scene.cpp
  scene_binding.cpp
  incremental_runtime_full_materialization_bridge.cpp
  shadow_render_scene.cpp
  spatial_delta.cpp
  scene_view.cpp
  full_scene_compiler.cpp
  runtime_scene_projection.cpp
  linear_spatial_index.cpp
  uniform_grid_spatial_index.cpp
  Compiling...
  damage_tracker.cpp
  scene_delta.cpp
  incremental_runtime_full_materialization_bridge.cpp
  scene.cpp
  scene_dependency_graph.cpp
  incremental_runtime_coordinator.cpp
  direct_render_scene.cpp
  scene_binding.cpp
  reference_geometry.cpp
  scene_record_store.cpp
  bounds_system.cpp
  scene_impact.cpp
  runtime_scene_projection.cpp
  uniform_grid_spatial_index.cpp
  scene_view.cpp
  shadow_render_scene.cpp
  full_scene_compiler.cpp
  spatial_delta.cpp
  linear_spatial_index.cpp
  canvas_runtime_scene.vcxproj -> D:\GitRepos\mostorm-labs\canvas\build-windows-real\runtime\scene\RelWithDebInfo\canvas_runtime_scene.lib
  Building Custom Rule D:/GitRepos/mostorm-labs/canvas/runtime/scene/tests/CMakeLists.txt
  Scanning sources for module dependencies...
  self_contained_canvas_foundation_object_id_hpp.cpp
  Compiling...
  self_contained_canvas_foundation_object_id_hpp.cpp
  canvas_rf01_canvas_foundation_object_id_hpp.vcxproj -> D:\GitRepos\mostorm-labs\canvas\build-windows-real\runtime\scene\tests\canvas_rf01_canvas_foundation_object_id_hpp.dir\RelWithDebInfo\canvas_rf01_canvas_foundation_object_id_hpp.lib
  Building Custom Rule D:/GitRepos/mostorm-labs/canvas/runtime/scene/tests/CMakeLists.txt
  Scanning sources for module dependencies...
  self_contained_canvas_foundation_result_hpp.cpp
  Compiling...
  self_contained_canvas_foundation_result_hpp.cpp
  canvas_rf01_canvas_foundation_result_hpp.vcxproj -> D:\GitRepos\mostorm-labs\canvas\build-windows-real\runtime\scene\tests\canvas_rf01_canvas_foundation_result_hpp.dir\RelWithDebInfo\canvas_rf01_canvas_foundation_result_hpp.lib
  Building Custom Rule D:/GitRepos/mostorm-labs/canvas/runtime/scene/tests/CMakeLists.txt
  Scanning sources for module dependencies...
  self_contained_canvas_foundation_revision_hpp.cpp
  Compiling...
  self_contained_canvas_foundation_revision_hpp.cpp
  canvas_rf01_canvas_foundation_revision_hpp.vcxproj -> D:\GitRepos\mostorm-labs\canvas\build-windows-real\runtime\scene\tests\canvas_rf01_canvas_foundation_revision_hpp.dir\RelWithDebInfo\canvas_rf01_canvas_foundation_revision_hpp.lib
  Building Custom Rule D:/GitRepos/mostorm-labs/canvas/runtime/scene/tests/CMakeLists.txt
  Scanning sources for module dependencies...
  self_contained_canvas_foundation_stable_order_key_hpp.cpp
  Compiling...
  self_contained_canvas_foundation_stable_order_key_hpp.cpp
  canvas_rf01_canvas_foundation_stable_order_key_hpp.vcxproj -> D:\GitRepos\mostorm-labs\canvas\build-windows-real\runtime\scene\tests\canvas_rf01_canvas_foundation_stable_order_key_hpp.dir\RelWithDebInfo\canvas_rf01_canvas_foundation_stable_order_key_hpp.lib
  Building Custom Rule D:/GitRepos/mostorm-labs/canvas/runtime/scene/tests/CMakeLists.txt
  Scanning sources for module dependencies...
  self_contained_canvas_foundation_world_geometry_hpp.cpp
  Compiling...
  self_contained_canvas_foundation_world_geometry_hpp.cpp
  canvas_rf01_canvas_foundation_world_geometry_hpp.vcxproj -> D:\GitRepos\mostorm-labs\canvas\build-windows-real\runtime\scene\tests\canvas_rf01_canvas_foundation_world_geometry_hpp.dir\RelWithDebInfo\canvas_rf01_canvas_foundation_world_geometry_hpp.lib
  Building Custom Rule D:/GitRepos/mostorm-labs/canvas/runtime/scene/tests/CMakeLists.txt
  Scanning sources for module dependencies...
  self_contained_canvas_scene_damage_tracker_hpp.cpp
  Compiling...
  self_contained_canvas_scene_damage_tracker_hpp.cpp
  canvas_rf01_canvas_scene_damage_tracker_hpp.vcxproj -> D:\GitRepos\mostorm-labs\canvas\build-windows-real\runtime\scene\tests\canvas_rf01_canvas_scene_damage_tracker_hpp.dir\RelWithDebInfo\canvas_rf01_canvas_scene_damage_tracker_hpp.lib
  Building Custom Rule D:/GitRepos/mostorm-labs/canvas/runtime/scene/tests/CMakeLists.txt
  Scanning sources for module dependencies...
  self_contained_canvas_scene_direct_render_scene_hpp.cpp
  Compiling...
  self_contained_canvas_scene_direct_render_scene_hpp.cpp
  canvas_rf01_canvas_scene_direct_render_scene_hpp.vcxproj -> D:\GitRepos\mostorm-labs\canvas\build-windows-real\runtime\scene\tests\canvas_rf01_canvas_scene_direct_render_scene_hpp.dir\RelWithDebInfo\canvas_rf01_canvas_scene_direct_render_scene_hpp.lib
  Building Custom Rule D:/GitRepos/mostorm-labs/canvas/runtime/scene/tests/CMakeLists.txt
  Scanning sources for module dependencies...
  self_contained_canvas_scene_linear_spatial_index_hpp.cpp
  Compiling...
  self_contained_canvas_scene_linear_spatial_index_hpp.cpp
  canvas_rf01_canvas_scene_linear_spatial_index_hpp.vcxproj -> D:\GitRepos\mostorm-labs\canvas\build-windows-real\runtime\scene\tests\canvas_rf01_canvas_scene_linear_spatial_index_hpp.dir\RelWithDebInfo\canvas_rf01_canvas_scene_linear_spatial_index_hpp.lib
  Building Custom Rule D:/GitRepos/mostorm-labs/canvas/runtime/scene/tests/CMakeLists.txt
  Scanning sources for module dependencies...
  self_contained_canvas_scene_render_scene_hpp.cpp
  Compiling...
  self_contained_canvas_scene_render_scene_hpp.cpp
  canvas_rf01_canvas_scene_render_scene_hpp.vcxproj -> D:\GitRepos\mostorm-labs\canvas\build-windows-real\runtime\scene\tests\canvas_rf01_canvas_scene_render_scene_hpp.dir\RelWithDebInfo\canvas_rf01_canvas_scene_render_scene_hpp.lib
  Building Custom Rule D:/GitRepos/mostorm-labs/canvas/runtime/scene/tests/CMakeLists.txt
  Scanning sources for module dependencies...
  self_contained_canvas_scene_scene_binding_hpp.cpp
  Compiling...
  self_contained_canvas_scene_scene_binding_hpp.cpp
  canvas_rf01_canvas_scene_scene_binding_hpp.vcxproj -> D:\GitRepos\mostorm-labs\canvas\build-windows-real\runtime\scene\tests\canvas_rf01_canvas_scene_scene_binding_hpp.dir\RelWithDebInfo\canvas_rf01_canvas_scene_scene_binding_hpp.lib
  Building Custom Rule D:/GitRepos/mostorm-labs/canvas/runtime/scene/tests/CMakeLists.txt
  Scanning sources for module dependencies...
  self_contained_canvas_scene_scene_compiler_hpp.cpp
  Compiling...
  self_contained_canvas_scene_scene_compiler_hpp.cpp
  canvas_rf01_canvas_scene_scene_compiler_hpp.vcxproj -> D:\GitRepos\mostorm-labs\canvas\build-windows-real\runtime\scene\tests\canvas_rf01_canvas_scene_scene_compiler_hpp.dir\RelWithDebInfo\canvas_rf01_canvas_scene_scene_compiler_hpp.lib
  Building Custom Rule D:/GitRepos/mostorm-labs/canvas/runtime/scene/tests/CMakeLists.txt
  Scanning sources for module dependencies...
  self_contained_canvas_scene_scene_frame_hpp.cpp
  Compiling...
  self_contained_canvas_scene_scene_frame_hpp.cpp
  canvas_rf01_canvas_scene_scene_frame_hpp.vcxproj -> D:\GitRepos\mostorm-labs\canvas\build-windows-real\runtime\scene\tests\canvas_rf01_canvas_scene_scene_frame_hpp.dir\RelWithDebInfo\canvas_rf01_canvas_scene_scene_frame_hpp.lib
  Building Custom Rule D:/GitRepos/mostorm-labs/canvas/runtime/scene/tests/CMakeLists.txt
  Scanning sources for module dependencies...
  self_contained_canvas_scene_scene_hpp.cpp
  Compiling...
  self_contained_canvas_scene_scene_hpp.cpp
  canvas_rf01_canvas_scene_scene_hpp.vcxproj -> D:\GitRepos\mostorm-labs\canvas\build-windows-real\runtime\scene\tests\canvas_rf01_canvas_scene_scene_hpp.dir\RelWithDebInfo\canvas_rf01_canvas_scene_scene_hpp.lib
  Building Custom Rule D:/GitRepos/mostorm-labs/canvas/runtime/scene/tests/CMakeLists.txt
  Scanning sources for module dependencies...
  self_contained_canvas_scene_scene_query_hpp.cpp
  Compiling...
  self_contained_canvas_scene_scene_query_hpp.cpp
  canvas_rf01_canvas_scene_scene_query_hpp.vcxproj -> D:\GitRepos\mostorm-labs\canvas\build-windows-real\runtime\scene\tests\canvas_rf01_canvas_scene_scene_query_hpp.dir\RelWithDebInfo\canvas_rf01_canvas_scene_scene_query_hpp.lib
  Building Custom Rule D:/GitRepos/mostorm-labs/canvas/runtime/scene/tests/CMakeLists.txt
  Scanning sources for module dependencies...
  self_contained_canvas_scene_scene_record_store_hpp.cpp
  Compiling...
  self_contained_canvas_scene_scene_record_store_hpp.cpp
  canvas_rf01_canvas_scene_scene_record_store_hpp.vcxproj -> D:\GitRepos\mostorm-labs\canvas\build-windows-real\runtime\scene\tests\canvas_rf01_canvas_scene_scene_record_store_hpp.dir\RelWithDebInfo\canvas_rf01_canvas_scene_scene_record_store_hpp.lib
  Building Custom Rule D:/GitRepos/mostorm-labs/canvas/runtime/scene/tests/CMakeLists.txt
  Scanning sources for module dependencies...
  self_contained_canvas_scene_scene_types_hpp.cpp
  Compiling...
  self_contained_canvas_scene_scene_types_hpp.cpp
  canvas_rf01_canvas_scene_scene_types_hpp.vcxproj -> D:\GitRepos\mostorm-labs\canvas\build-windows-real\runtime\scene\tests\canvas_rf01_canvas_scene_scene_types_hpp.dir\RelWithDebInfo\canvas_rf01_canvas_scene_scene_types_hpp.lib
  Building Custom Rule D:/GitRepos/mostorm-labs/canvas/runtime/scene/tests/CMakeLists.txt
  Scanning sources for module dependencies...
  self_contained_canvas_scene_scene_view_hpp.cpp
  Compiling...
  self_contained_canvas_scene_scene_view_hpp.cpp
  canvas_rf01_canvas_scene_scene_view_hpp.vcxproj -> D:\GitRepos\mostorm-labs\canvas\build-windows-real\runtime\scene\tests\canvas_rf01_canvas_scene_scene_view_hpp.dir\RelWithDebInfo\canvas_rf01_canvas_scene_scene_view_hpp.lib
  Building Custom Rule D:/GitRepos/mostorm-labs/canvas/runtime/scene/tests/CMakeLists.txt
  Scanning sources for module dependencies...
  self_contained_canvas_scene_shadow_render_scene_hpp.cpp
  Compiling...
  self_contained_canvas_scene_shadow_render_scene_hpp.cpp
  canvas_rf01_canvas_scene_shadow_render_scene_hpp.vcxproj -> D:\GitRepos\mostorm-labs\canvas\build-windows-real\runtime\scene\tests\canvas_rf01_canvas_scene_shadow_render_scene_hpp.dir\RelWithDebInfo\canvas_rf01_canvas_scene_shadow_render_scene_hpp.lib
  Building Custom Rule D:/GitRepos/mostorm-labs/canvas/runtime/scene/tests/CMakeLists.txt
  Scanning sources for module dependencies...
  self_contained_canvas_scene_spatial_delta_hpp.cpp
  Compiling...
  self_contained_canvas_scene_spatial_delta_hpp.cpp
  canvas_rf01_canvas_scene_spatial_delta_hpp.vcxproj -> D:\GitRepos\mostorm-labs\canvas\build-windows-real\runtime\scene\tests\canvas_rf01_canvas_scene_spatial_delta_hpp.dir\RelWithDebInfo\canvas_rf01_canvas_scene_spatial_delta_hpp.lib
  Building Custom Rule D:/GitRepos/mostorm-labs/canvas/runtime/scene/tests/CMakeLists.txt
  Scanning sources for module dependencies...
  self_contained_canvas_scene_spatial_index_hpp.cpp
  Compiling...
  self_contained_canvas_scene_spatial_index_hpp.cpp
  canvas_rf01_canvas_scene_spatial_index_hpp.vcxproj -> D:\GitRepos\mostorm-labs\canvas\build-windows-real\runtime\scene\tests\canvas_rf01_canvas_scene_spatial_index_hpp.dir\RelWithDebInfo\canvas_rf01_canvas_scene_spatial_index_hpp.lib
  Building Custom Rule D:/GitRepos/mostorm-labs/canvas/runtime/scene/tests/CMakeLists.txt
  Scanning sources for module dependencies...
  self_contained_canvas_scene_uniform_grid_spatial_index_hpp.cpp
  Compiling...
  self_contained_canvas_scene_uniform_grid_spatial_index_hpp.cpp
  canvas_rf01_canvas_scene_uniform_grid_spatial_index_hpp.vcxproj -> D:\GitRepos\mostorm-labs\canvas\build-windows-real\runtime\scene\tests\canvas_rf01_canvas_scene_uniform_grid_spatial_index_hpp.dir\RelWithDebInfo\canvas_rf01_canvas_scene_uniform_grid_spatial_index_hpp.lib
  canvas_rf01_public_abi_c.vcxproj -> D:\GitRepos\mostorm-labs\canvas\build-windows-real\runtime\scene\tests\canvas_rf01_public_abi_c.dir\RelWithDebInfo\canvas_rf01_public_abi_c.lib
  Scanning sources for module dependencies...
  public_abi_cpp_test.cpp
  Compiling...
  public_abi_cpp_test.cpp
  canvas_rf01_public_abi_cpp.vcxproj -> D:\GitRepos\mostorm-labs\canvas\build-windows-real\runtime\scene\tests\canvas_rf01_public_abi_cpp.dir\RelWithDebInfo\canvas_rf01_public_abi_cpp.lib
  Building Custom Rule D:/GitRepos/mostorm-labs/canvas/arc/CMakeLists.txt
  Scanning sources for module dependencies...
  host_adapter.cpp
  temporal_transient.cpp
  bridge.cpp
  Compiling...
  temporal_transient.cpp
  host_adapter.cpp
  bridge.cpp
  arc_core.vcxproj -> D:\GitRepos\mostorm-labs\canvas\build-windows-real\arc\RelWithDebInfo\arc_core.lib
  Building Custom Rule D:/GitRepos/mostorm-labs/canvas/arc/CMakeLists.txt
  Scanning sources for module dependencies...
  android_backend.cpp
  Compiling...
  android_backend.cpp
  arc_Android.vcxproj -> D:\GitRepos\mostorm-labs\canvas\build-windows-real\arc\RelWithDebInfo\arc_Android.lib
  Building Custom Rule D:/GitRepos/mostorm-labs/canvas/arc/CMakeLists.txt
  Scanning sources for module dependencies...
  chromiumos_backend.cpp
  Compiling...
  chromiumos_backend.cpp
  arc_ChromiumOS.vcxproj -> D:\GitRepos\mostorm-labs\canvas\build-windows-real\arc\RelWithDebInfo\arc_ChromiumOS.lib
  Building Custom Rule D:/GitRepos/mostorm-labs/canvas/arc/CMakeLists.txt
  Scanning sources for module dependencies...
  device_backend.cpp
  Compiling...
  device_backend.cpp
  arc_Device.vcxproj -> D:\GitRepos\mostorm-labs\canvas\build-windows-real\arc\RelWithDebInfo\arc_Device.lib
  Building Custom Rule D:/GitRepos/mostorm-labs/canvas/arc/CMakeLists.txt
  Scanning sources for module dependencies...
  headless_backend.cpp
  Compiling...
  headless_backend.cpp
  arc_Headless.vcxproj -> D:\GitRepos\mostorm-labs\canvas\build-windows-real\arc\RelWithDebInfo\arc_Headless.lib
  Building Custom Rule D:/GitRepos/mostorm-labs/canvas/arc/CMakeLists.txt
  Scanning sources for module dependencies...
  web_backend.cpp
  Compiling...
  web_backend.cpp
  arc_Web.vcxproj -> D:\GitRepos\mostorm-labs\canvas\build-windows-real\arc\RelWithDebInfo\arc_Web.lib
  Building Custom Rule D:/GitRepos/mostorm-labs/canvas/arc/CMakeLists.txt
  Scanning sources for module dependencies...
  windows_backend.cpp
  Compiling...
  windows_backend.cpp
  arc_Windows.vcxproj -> D:\GitRepos\mostorm-labs\canvas\build-windows-real\arc\RelWithDebInfo\arc_Windows.lib
  Building Custom Rule D:/GitRepos/mostorm-labs/canvas/arc/CMakeLists.txt
  Scanning sources for module dependencies...
  arc_core_test.cpp
  Compiling...
  arc_core_test.cpp
  arc_core_tests.vcxproj -> D:\GitRepos\mostorm-labs\canvas\build-windows-real\arc\RelWithDebInfo\arc_core_tests.exe
  Building Custom Rule D:/GitRepos/mostorm-labs/canvas/arc/CMakeLists.txt
  Scanning sources for module dependencies...
  host_adapter_test.cpp
  Compiling...
  host_adapter_test.cpp
  arc_host_adapter_tests.vcxproj -> D:\GitRepos\mostorm-labs\canvas\build-windows-real\arc\RelWithDebInfo\arc_host_adapter_tests.exe
  Building Custom Rule D:/GitRepos/mostorm-labs/canvas/arc/CMakeLists.txt
  Scanning sources for module dependencies...
  apple_backend.cpp
  Compiling...
  apple_backend.cpp
  arc_iOS.vcxproj -> D:\GitRepos\mostorm-labs\canvas\build-windows-real\arc\RelWithDebInfo\arc_iOS.lib
  Building Custom Rule D:/GitRepos/mostorm-labs/canvas/arc/CMakeLists.txt
  Scanning sources for module dependencies...
  apple_backend.cpp
  Compiling...
  apple_backend.cpp
  arc_iPadOS.vcxproj -> D:\GitRepos\mostorm-labs\canvas\build-windows-real\arc\RelWithDebInfo\arc_iPadOS.lib
  Building Custom Rule D:/GitRepos/mostorm-labs/canvas/arc/CMakeLists.txt
  Scanning sources for module dependencies...
  apple_backend.cpp
  Compiling...
  apple_backend.cpp
  arc_macOS.vcxproj -> D:\GitRepos\mostorm-labs\canvas\build-windows-real\arc\RelWithDebInfo\arc_macOS.lib
  Building Custom Rule D:/GitRepos/mostorm-labs/canvas/arc/CMakeLists.txt
  Scanning sources for module dependencies...
  platform_targets_test.cpp
  Compiling...
  platform_targets_test.cpp
  arc_platform_targets_tests.vcxproj -> D:\GitRepos\mostorm-labs\canvas\build-windows-real\arc\RelWithDebInfo\arc_platform_targets_tests.exe
  Building Custom Rule D:/GitRepos/mostorm-labs/canvas/arc/CMakeLists.txt
  arc_protocol_c_smoke.vcxproj -> D:\GitRepos\mostorm-labs\canvas\build-windows-real\arc\RelWithDebInfo\arc_protocol_c_smoke.exe
  Building Custom Rule D:/GitRepos/mostorm-labs/canvas/arc/CMakeLists.txt
  Scanning sources for module dependencies...
  temporal_transient_test.cpp
  Compiling...
  temporal_transient_test.cpp
  arc_temporal_transient_tests.vcxproj -> D:\GitRepos\mostorm-labs\canvas\build-windows-real\arc\RelWithDebInfo\arc_temporal_transient_tests.exe
  Building Custom Rule D:/GitRepos/mostorm-labs/canvas/arc/CMakeLists.txt
  Scanning sources for module dependencies...
  windows_preview_backend_test.cpp
  Compiling...
  windows_preview_backend_test.cpp
  arc_windows_preview_backend_tests.vcxproj -> D:\GitRepos\mostorm-labs\canvas\build-windows-real\arc\RelWithDebInfo\arc_windows_preview_backend_tests.exe
  Building Custom Rule D:/GitRepos/mostorm-labs/canvas/runtime/input/CMakeLists.txt
  Scanning sources for module dependencies...
  active_pointer_registry.cpp
  web_input_adapter.cpp
  arc_input_adapter.cpp
  input_router.cpp
  platform_interaction_ingress.cpp
  Compiling...
  input_router.cpp
  web_input_adapter.cpp
  arc_input_adapter.cpp
  active_pointer_registry.cpp
  platform_interaction_ingress.cpp
  canvas_runtime_input.vcxproj -> D:\GitRepos\mostorm-labs\canvas\build-windows-real\runtime\input\RelWithDebInfo\canvas_runtime_input.lib
  Building Custom Rule D:/GitRepos/mostorm-labs/canvas/runtime/ink/CMakeLists.txt
  Scanning sources for module dependencies...
  brush_engine.cpp
  ink_engine.cpp
  multipointer_replay.cpp
  preview_model.cpp
  programmable_brush.cpp
  brush_package_catalog.cpp
  stroke_session.cpp
  resolved_brush_state.cpp
  arc_preview_bridge.cpp
  pointer_trace.cpp
  brush_package.cpp
  replay_runner.cpp
  brush_execution_plan.cpp
  legacy_v1_readonly.cpp
  vector_path_node.cpp
  chalk_dab_evaluator.cpp
  brush_preview_handoff.cpp
  brush_session.cpp
  vector_stroke_reference.cpp
  Compiling...
  preview_model.cpp
  replay_runner.cpp
  pointer_trace.cpp
  brush_package_catalog.cpp
  stroke_session.cpp
  arc_preview_bridge.cpp
  programmable_brush.cpp
  brush_engine.cpp
  ink_engine.cpp
  resolved_brush_state.cpp
  brush_package.cpp
  multipointer_replay.cpp
  brush_execution_plan.cpp
  vector_path_node.cpp
  brush_preview_handoff.cpp
  chalk_dab_evaluator.cpp
  brush_session.cpp
  legacy_v1_readonly.cpp
  vector_stroke_reference.cpp
  canvas_runtime_ink.vcxproj -> D:\GitRepos\mostorm-labs\canvas\build-windows-real\runtime\ink\RelWithDebInfo\canvas_runtime_ink.lib
  Building Custom Rule D:/GitRepos/mostorm-labs/canvas/runtime/interaction/CMakeLists.txt
  Scanning sources for module dependencies...
  interaction_runtime.cpp
  transform_session.cpp
  selection_session.cpp
  editor_history.cpp
  gesture_arbiter.cpp
  multi_contact_coordinator.cpp
  transform_handle_drag.cpp
  hit_test_service.cpp
  interaction_dependency_footprint.cpp
  editor_session.cpp
  session_manager.cpp
  eraser_session.cpp
  canvas_interaction_coordinator.cpp
  viewport_interaction_controller.cpp
  Compiling...
  interaction_runtime.cpp
  transform_handle_drag.cpp
  editor_session.cpp
  transform_session.cpp
  editor_history.cpp
  eraser_session.cpp
  multi_contact_coordinator.cpp
  interaction_dependency_footprint.cpp
  gesture_arbiter.cpp
  hit_test_service.cpp
  selection_session.cpp
  session_manager.cpp
  canvas_interaction_coordinator.cpp
  viewport_interaction_controller.cpp
  canvas_runtime_interaction.vcxproj -> D:\GitRepos\mostorm-labs\canvas\build-windows-real\runtime\interaction\RelWithDebInfo\canvas_runtime_interaction.lib
  1>
  Building Custom Rule D:/GitRepos/mostorm-labs/canvas/runtime/render/CMakeLists.txt
  Building Custom Rule D:/GitRepos/mostorm-labs/canvas/runtime/render/CMakeLists.txt
  Scanning sources for module dependencies...
  surface_lifecycle.cpp
  presentation_tracker.cpp
  render_target.cpp
  runtime_app_binding.cpp
  render_backend.cpp
  skia_headless_backend.cpp
  frame_plan.cpp
  visibility_resolver.cpp
  editing_overlay.cpp
  preview_surface.cpp
  canonical_handoff.cpp
  direct_reference_source.cpp
  skia_ink_backend.cpp
  brush_outline_skia_path.cpp
  skia_surface_provider.cpp
  skia_renderer.cpp
  skia_brush_renderer.cpp
  skia_scene_renderer.cpp
  Compiling...
  skia_headless_backend.cpp
  preview_surface.cpp
  presentation_tracker.cpp
  direct_reference_source.cpp
  surface_lifecycle.cpp
  visibility_resolver.cpp
  runtime_app_binding.cpp
  render_backend.cpp
  editing_overlay.cpp
  render_target.cpp
  canonical_handoff.cpp
  frame_plan.cpp
  skia_renderer.cpp
  skia_surface_provider.cpp
  brush_outline_skia_path.cpp
  skia_ink_backend.cpp
  skia_scene_renderer.cpp
  skia_brush_renderer.cpp
  canvas_runtime_render.vcxproj -> D:\GitRepos\mostorm-labs\canvas\build-windows-real\runtime\render\RelWithDebInfo\canvas_runtime_render.lib
  Building Custom Rule D:/GitRepos/mostorm-labs/canvas/apps/ink_playground/CMakeLists.txt
  Scanning sources for module dependencies...
  ink_playground_host.cpp
  apple_input_adapter.cpp
  platform_contract.cpp
  platform_brush_baseline_observation.cpp
  brush_commit_adapter.cpp
  platform_interaction_controller.cpp
  Compiling...
  brush_commit_adapter.cpp
  platform_contract.cpp
  platform_brush_baseline_observation.cpp
  ink_playground_host.cpp
  apple_input_adapter.cpp
  platform_interaction_controller.cpp
  axiom_ink_playground_common.vcxproj -> D:\GitRepos\mostorm-labs\canvas\build-windows-real\apps\ink_playground\RelWithDebInfo\axiom_ink_playground_common.lib
  Building Custom Rule D:/GitRepos/mostorm-labs/canvas/apps/ink_playground/CMakeLists.txt
  Scanning sources for module dependencies...
  brush_commit_adapter_test.cpp
  Compiling...
  brush_commit_adapter_test.cpp
  axiom_brush_commit_adapter_tests.vcxproj -> D:\GitRepos\mostorm-labs\canvas\build-windows-real\apps\ink_playground\RelWithDebInfo\axiom_brush_commit_adapter_tests.exe
  Building Custom Rule D:/GitRepos/mostorm-labs/canvas/runtime/ink/CMakeLists.txt
  Scanning sources for module dependencies...
  brush_complexity_test.cpp
  Compiling...
  brush_complexity_test.cpp
  axiom_brush_complexity_tests.vcxproj -> D:\GitRepos\mostorm-labs\canvas\build-windows-real\runtime\ink\RelWithDebInfo\axiom_brush_complexity_tests.exe
  Building Custom Rule D:/GitRepos/mostorm-labs/canvas/apps/brush_lab/CMakeLists.txt
  Scanning sources for module dependencies...
  brush_lab.cpp
  Compiling...
  brush_lab.cpp
  axiom_brush_lab_common.vcxproj -> D:\GitRepos\mostorm-labs\canvas\build-windows-real\apps\brush_lab\RelWithDebInfo\axiom_brush_lab_common.lib
  Building Custom Rule D:/GitRepos/mostorm-labs/canvas/apps/brush_lab/CMakeLists.txt
  Scanning sources for module dependencies...
  brush_lab_main.cpp
  Compiling...
  brush_lab_main.cpp
  axiom_brush_lab.vcxproj -> D:\GitRepos\mostorm-labs\canvas\build-windows-real\apps\brush_lab\RelWithDebInfo\axiom_brush_lab.exe
  Building Custom Rule D:/GitRepos/mostorm-labs/canvas/apps/brush_lab/CMakeLists.txt
  Scanning sources for module dependencies...
  brush_lab_test.cpp
  Compiling...
  brush_lab_test.cpp
  axiom_brush_lab_tests.vcxproj -> D:\GitRepos\mostorm-labs\canvas\build-windows-real\apps\brush_lab\RelWithDebInfo\axiom_brush_lab_tests.exe
  Building Custom Rule D:/GitRepos/mostorm-labs/canvas/runtime/ink/CMakeLists.txt
  Scanning sources for module dependencies...
  brush_operation_intent_test.cpp
  Compiling...
  brush_operation_intent_test.cpp
  axiom_brush_operation_intent_tests.vcxproj -> D:\GitRepos\mostorm-labs\canvas\build-windows-real\runtime\ink\RelWithDebInfo\axiom_brush_operation_intent_tests.exe
  Building Custom Rule D:/GitRepos/mostorm-labs/canvas/runtime/ink/CMakeLists.txt
  Scanning sources for module dependencies...
  brush_package_catalog_test.cpp
  Compiling...
  brush_package_catalog_test.cpp
  axiom_brush_package_catalog_tests.vcxproj -> D:\GitRepos\mostorm-labs\canvas\build-windows-real\runtime\ink\RelWithDebInfo\axiom_brush_package_catalog_tests.exe
  Building Custom Rule D:/GitRepos/mostorm-labs/canvas/runtime/ink/CMakeLists.txt
  Scanning sources for module dependencies...
  brush_package_test.cpp
  Compiling...
  brush_package_test.cpp
  axiom_brush_package_tests.vcxproj -> D:\GitRepos\mostorm-labs\canvas\build-windows-real\runtime\ink\RelWithDebInfo\axiom_brush_package_tests.exe
  Building Custom Rule D:/GitRepos/mostorm-labs/canvas/runtime/ink/CMakeLists.txt
  Scanning sources for module dependencies...
  brush_plan_test.cpp
  Compiling...
  brush_plan_test.cpp
  axiom_brush_plan_tests.vcxproj -> D:\GitRepos\mostorm-labs\canvas\build-windows-real\runtime\ink\RelWithDebInfo\axiom_brush_plan_tests.exe
  Building Custom Rule D:/GitRepos/mostorm-labs/canvas/runtime/ink/CMakeLists.txt
  Scanning sources for module dependencies...
  brush_preview_handoff_test.cpp
  Compiling...
  brush_preview_handoff_test.cpp
  axiom_brush_preview_handoff_tests.vcxproj -> D:\GitRepos\mostorm-labs\canvas\build-windows-real\runtime\ink\RelWithDebInfo\axiom_brush_preview_handoff_tests.exe
  Building Custom Rule D:/GitRepos/mostorm-labs/canvas/apps/ink_playground/CMakeLists.txt
  Scanning sources for module dependencies...
  brush_runtime_pipeline_test.cpp
  Compiling...
  brush_runtime_pipeline_test.cpp
  axiom_brush_runtime_pipeline_tests.vcxproj -> D:\GitRepos\mostorm-labs\canvas\build-windows-real\apps\ink_playground\RelWithDebInfo\axiom_brush_runtime_pipeline_tests.exe
  Building Custom Rule D:/GitRepos/mostorm-labs/canvas/runtime/ink/CMakeLists.txt
  Scanning sources for module dependencies...
  brush_session_test.cpp
  Compiling...
  brush_session_test.cpp
  axiom_brush_session_tests.vcxproj -> D:\GitRepos\mostorm-labs\canvas\build-windows-real\runtime\ink\RelWithDebInfo\axiom_brush_session_tests.exe
  Building Custom Rule D:/GitRepos/mostorm-labs/canvas/runtime/interaction/CMakeLists.txt
  Scanning sources for module dependencies...
  canvas_interaction_coordinator_test.cpp
  Compiling...
  canvas_interaction_coordinator_test.cpp
  axiom_c0_canvas_interaction_coordinator_tests.vcxproj -> D:\GitRepos\mostorm-labs\canvas\build-windows-real\runtime\interaction\RelWithDebInfo\axiom_c0_canvas_interaction_coordinator_tests.exe
  Building Custom Rule D:/GitRepos/mostorm-labs/canvas/runtime/interaction/CMakeLists.txt
  Scanning sources for module dependencies...
  viewport_interaction_controller_test.cpp
  Compiling...
  viewport_interaction_controller_test.cpp
  axiom_c0_viewport_interaction_controller_tests.vcxproj -> D:\GitRepos\mostorm-labs\canvas\build-windows-real\runtime\interaction\RelWithDebInfo\axiom_c0_viewport_interaction_controller_tests.exe
  Building Custom Rule D:/GitRepos/mostorm-labs/canvas/apps/ink_playground/CMakeLists.txt
  Scanning sources for module dependencies...
  c1_apple_input_contract_test.cpp
  Compiling...
  c1_apple_input_contract_test.cpp
  axiom_c1_apple_input_contract_tests.vcxproj -> D:\GitRepos\mostorm-labs\canvas\build-windows-real\apps\ink_playground\RelWithDebInfo\axiom_c1_apple_input_contract_tests.exe
  Building Custom Rule D:/GitRepos/mostorm-labs/canvas/runtime/input/CMakeLists.txt
  Scanning sources for module dependencies...
  c1_platform_fixture_test.cpp
  Compiling...
  c1_platform_fixture_test.cpp
  axiom_c1_platform_fixture_tests.vcxproj -> D:\GitRepos\mostorm-labs\canvas\build-windows-real\runtime\input\RelWithDebInfo\axiom_c1_platform_fixture_tests.exe
  Building Custom Rule D:/GitRepos/mostorm-labs/canvas/runtime/ink/CMakeLists.txt
  Scanning sources for module dependencies...
  canonical_brush_commit.cpp
  Compiling...
  canonical_brush_commit.cpp
  canvas_runtime_ink_semantic_adapter.vcxproj -> D:\GitRepos\mostorm-labs\canvas\build-windows-real\runtime\ink\RelWithDebInfo\canvas_runtime_ink_semantic_adapter.lib
  Building Custom Rule D:/GitRepos/mostorm-labs/canvas/runtime/ink/CMakeLists.txt
  Scanning sources for module dependencies...
  canonical_brush_commit_test.cpp
  Compiling...
  canonical_brush_commit_test.cpp
  axiom_canonical_brush_commit_tests.vcxproj -> D:\GitRepos\mostorm-labs\canvas\build-windows-real\runtime\ink\RelWithDebInfo\axiom_canonical_brush_commit_tests.exe
  Building Custom Rule D:/GitRepos/mostorm-labs/canvas/runtime/render/CMakeLists.txt
  Scanning sources for module dependencies...
  canonical_handoff_test.cpp
  Compiling...
  canonical_handoff_test.cpp
  axiom_canonical_handoff_tests.vcxproj -> D:\GitRepos\mostorm-labs\canvas\build-windows-real\runtime\render\RelWithDebInfo\axiom_canonical_handoff_tests.exe
  Building Custom Rule D:/GitRepos/mostorm-labs/canvas/apps/axiom_canvas_demo/CMakeLists.txt
  Scanning sources for module dependencies...
  camera_controller.cpp
  windows_surface_adapter.cpp
  demo_hit_select.cpp
  web_surface_host.cpp
  Compiling...
  camera_controller.cpp
  windows_surface_adapter.cpp
  web_surface_host.cpp
  demo_hit_select.cpp
  axiom_canvas_demo_common.vcxproj -> D:\GitRepos\mostorm-labs\canvas\build-windows-real\apps\axiom_canvas_demo\RelWithDebInfo\axiom_canvas_demo_common.lib
  Building Custom Rule D:/GitRepos/mostorm-labs/canvas/apps/axiom_canvas_demo/CMakeLists.txt
  Scanning sources for module dependencies...
  windows_canonical_surface_host.cpp
  main.cpp
  Compiling...
  windows_canonical_surface_host.cpp
  main.cpp
  axiom_canvas_demo_windows.vcxproj -> D:\GitRepos\mostorm-labs\canvas\build-windows-real\apps\axiom_canvas_demo\RelWithDebInfo\axiom_canvas_demo_windows.exe
  Building Custom Rule D:/GitRepos/mostorm-labs/canvas/debug_ui/CMakeLists.txt
  Scanning sources for module dependencies...
  imgui_tables.cpp
  imgui_impl_win32.cpp
  imgui.cpp
  command.cpp
  controller.cpp
  input_capture.cpp
  imgui_widgets.cpp
  windows_host.cpp
  imgui_draw.cpp
  snapshot.cpp
  Compiling...
  controller.cpp
  imgui.cpp
  imgui_widgets.cpp
  imgui_draw.cpp
  snapshot.cpp
  command.cpp
  input_capture.cpp
  imgui_impl_win32.cpp
  windows_host.cpp
  imgui_tables.cpp
  canvas_debug_ui.vcxproj -> D:\GitRepos\mostorm-labs\canvas\build-windows-real\debug_ui\RelWithDebInfo\canvas_debug_ui.lib
  Building Custom Rule D:/GitRepos/mostorm-labs/canvas/debug_ui/CMakeLists.txt
  Scanning sources for module dependencies...
  debug_ui_test.cpp
  Compiling...
  debug_ui_test.cpp
  axiom_debug_ui_tests.vcxproj -> D:\GitRepos\mostorm-labs\canvas\build-windows-real\debug_ui\RelWithDebInfo\axiom_debug_ui_tests.exe
  Building Custom Rule D:/GitRepos/mostorm-labs/canvas/apps/axiom_canvas_demo/CMakeLists.txt
  Scanning sources for module dependencies...
  camera_controller_test.cpp
  Compiling...
  camera_controller_test.cpp
  axiom_demo_camera_tests.vcxproj -> D:\GitRepos\mostorm-labs\canvas\build-windows-real\apps\axiom_canvas_demo\RelWithDebInfo\axiom_demo_camera_tests.exe
  Building Custom Rule D:/GitRepos/mostorm-labs/canvas/apps/axiom_canvas_demo/CMakeLists.txt
  Scanning sources for module dependencies...
  demo_hit_select_test.cpp
  Compiling...
  demo_hit_select_test.cpp
  axiom_demo_hit_select_tests.vcxproj -> D:\GitRepos\mostorm-labs\canvas\build-windows-real\apps\axiom_canvas_demo\RelWithDebInfo\axiom_demo_hit_select_tests.exe
  Building Custom Rule D:/GitRepos/mostorm-labs/canvas/apps/axiom_canvas_demo/CMakeLists.txt
  Scanning sources for module dependencies...
  web_surface_host_test.cpp
  Compiling...
  web_surface_host_test.cpp
  axiom_demo_web_surface_tests.vcxproj -> D:\GitRepos\mostorm-labs\canvas\build-windows-real\apps\axiom_canvas_demo\RelWithDebInfo\axiom_demo_web_surface_tests.exe
  Building Custom Rule D:/GitRepos/mostorm-labs/canvas/apps/axiom_canvas_demo/CMakeLists.txt
  Scanning sources for module dependencies...
  windows_surface_adapter_test.cpp
  Compiling...
  windows_surface_adapter_test.cpp
  axiom_demo_windows_surface_tests.vcxproj -> D:\GitRepos\mostorm-labs\canvas\build-windows-real\apps\axiom_canvas_demo\RelWithDebInfo\axiom_demo_windows_surface_tests.exe
  Building Custom Rule D:/GitRepos/mostorm-labs/canvas/runtime/interaction/CMakeLists.txt
  Scanning sources for module dependencies...
  editor_history_test.cpp
  Compiling...
  editor_history_test.cpp
  axiom_editor_history_tests.vcxproj -> D:\GitRepos\mostorm-labs\canvas\build-windows-real\runtime\interaction\RelWithDebInfo\axiom_editor_history_tests.exe
  Building Custom Rule D:/GitRepos/mostorm-labs/canvas/runtime/interaction/CMakeLists.txt
  Scanning sources for module dependencies...
  eraser_session_test.cpp
  Compiling...
  eraser_session_test.cpp
  axiom_eraser_session_tests.vcxproj -> D:\GitRepos\mostorm-labs\canvas\build-windows-real\runtime\interaction\RelWithDebInfo\axiom_eraser_session_tests.exe
  Building Custom Rule D:/GitRepos/mostorm-labs/canvas/runtime/ink/CMakeLists.txt
  Scanning sources for module dependencies...
  vector_stroke_reference_test.cpp
  Compiling...
  vector_stroke_reference_test.cpp
  axiom_g45_perfect_freehand_reference_tests.vcxproj -> D:\GitRepos\mostorm-labs\canvas\build-windows-real\runtime\ink\RelWithDebInfo\axiom_g45_perfect_freehand_reference_tests.exe
  Building Custom Rule D:/GitRepos/mostorm-labs/canvas/runtime/interaction/CMakeLists.txt
  Scanning sources for module dependencies...
  gesture_arbiter_test.cpp
  Compiling...
  gesture_arbiter_test.cpp
  axiom_gesture_arbiter_tests.vcxproj -> D:\GitRepos\mostorm-labs\canvas\build-windows-real\runtime\interaction\RelWithDebInfo\axiom_gesture_arbiter_tests.exe
  Building Custom Rule D:/GitRepos/mostorm-labs/canvas/runtime/render/CMakeLists.txt
  Scanning sources for module dependencies...
  headless_canvas_demo.cpp
  Compiling...
  headless_canvas_demo.cpp
  axiom_headless_canvas_demo.vcxproj -> D:\GitRepos\mostorm-labs\canvas\build-windows-real\runtime\render\RelWithDebInfo\axiom_headless_canvas_demo.exe
  Building Custom Rule D:/GitRepos/mostorm-labs/canvas/runtime/ink/CMakeLists.txt
  Scanning sources for module dependencies...
  ink_engine_test.cpp
  Compiling...
  ink_engine_test.cpp
  axiom_ink_engine_tests.vcxproj -> D:\GitRepos\mostorm-labs\canvas\build-windows-real\runtime\ink\RelWithDebInfo\axiom_ink_engine_tests.exe
  Building Custom Rule D:/GitRepos/mostorm-labs/canvas/apps/ink_playground/CMakeLists.txt
  Scanning sources for module dependencies...
  ink_playground_test.cpp
  Compiling...
  ink_playground_test.cpp
  axiom_ink_playground_tests.vcxproj -> D:\GitRepos\mostorm-labs\canvas\build-windows-real\apps\ink_playground\RelWithDebInfo\axiom_ink_playground_tests.exe
  Building Custom Rule D:/GitRepos/mostorm-labs/canvas/apps/ink_playground/CMakeLists.txt
  Scanning sources for module dependencies...
  windows_d3d12_skia_surface_provider.cpp
  windows_smoke_evidence.cpp
  main.cpp
  Compiling...
  main.cpp
  windows_smoke_evidence.cpp
  windows_d3d12_skia_surface_provider.cpp
D:\GitRepos\mostorm-labs\canvas\apps\ink_playground\platform\windows\main.cpp(558,41): warning C4312: 'reinterpret_cast': conversion from 'const int' to 'HMENU' of greater size [D:\GitRepos\mostorm-labs\canvas\build-windows-real\apps\ink_playground\axiom_ink_playground_windows.vcxproj]
  axiom_ink_playground_windows.vcxproj -> D:\GitRepos\mostorm-labs\canvas\build-windows-real\apps\ink_playground\RelWithDebInfo\axiom_ink_playground_windows.exe
  Building Custom Rule D:/GitRepos/mostorm-labs/canvas/apps/ink_playground/CMakeLists.txt
  Scanning sources for module dependencies...
  windows_smoke_evidence.cpp
  windows_pointer_utils_test.cpp
  Compiling...
  windows_pointer_utils_test.cpp
  windows_smoke_evidence.cpp
  axiom_ink_playground_windows_pointer_utils_tests.vcxproj -> D:\GitRepos\mostorm-labs\canvas\build-windows-real\apps\ink_playground\RelWithDebInfo\axiom_ink_playground_windows_pointer_utils_tests.exe
  Building Custom Rule D:/GitRepos/mostorm-labs/canvas/apps/ink_playground/CMakeLists.txt
  Scanning sources for module dependencies...
  windows_preview_popup_test.cpp
  windows_d3d12_skia_surface_provider.cpp
  Compiling...
  windows_d3d12_skia_surface_provider.cpp
  windows_preview_popup_test.cpp
  axiom_ink_playground_windows_preview_popup_tests.vcxproj -> D:\GitRepos\mostorm-labs\canvas\build-windows-real\apps\ink_playground\RelWithDebInfo\axiom_ink_playground_windows_preview_popup_tests.exe
  Building Custom Rule D:/GitRepos/mostorm-labs/canvas/runtime/input/CMakeLists.txt
  Scanning sources for module dependencies...
  input_router_test.cpp
  Compiling...
  input_router_test.cpp
  axiom_input_router_tests.vcxproj -> D:\GitRepos\mostorm-labs\canvas\build-windows-real\runtime\input\RelWithDebInfo\axiom_input_router_tests.exe
  Building Custom Rule D:/GitRepos/mostorm-labs/canvas/runtime/interaction/CMakeLists.txt
  Scanning sources for module dependencies...
  session_manager_test.cpp
  Compiling...
  session_manager_test.cpp
  axiom_interaction_session_tests.vcxproj -> D:\GitRepos\mostorm-labs\canvas\build-windows-real\runtime\interaction\RelWithDebInfo\axiom_interaction_session_tests.exe
  Building Custom Rule D:/GitRepos/mostorm-labs/canvas/runtime/interaction/CMakeLists.txt
  Scanning sources for module dependencies...
  multi_contact_coordinator_test.cpp
  Compiling...
  multi_contact_coordinator_test.cpp
  axiom_multi_contact_coordinator_tests.vcxproj -> D:\GitRepos\mostorm-labs\canvas\build-windows-real\runtime\interaction\RelWithDebInfo\axiom_multi_contact_coordinator_tests.exe
  Building Custom Rule D:/GitRepos/mostorm-labs/canvas/runtime/input/CMakeLists.txt
  Scanning sources for module dependencies...
  multipointer_foundation_test.cpp
  Compiling...
  multipointer_foundation_test.cpp
  axiom_multipointer_foundation_tests.vcxproj -> D:\GitRepos\mostorm-labs\canvas\build-windows-real\runtime\input\RelWithDebInfo\axiom_multipointer_foundation_tests.exe
  Building Custom Rule D:/GitRepos/mostorm-labs/canvas/runtime/ink/CMakeLists.txt
  Scanning sources for module dependencies...
  multipointer_replay_test.cpp
  Compiling...
  multipointer_replay_test.cpp
  axiom_multipointer_replay_tests.vcxproj -> D:\GitRepos\mostorm-labs\canvas\build-windows-real\runtime\ink\RelWithDebInfo\axiom_multipointer_replay_tests.exe
  Building Custom Rule D:/GitRepos/mostorm-labs/canvas/apps/ink_playground/CMakeLists.txt
  Scanning sources for module dependencies...
  platform_brush_baseline_runner.cpp
  Compiling...
  platform_brush_baseline_runner.cpp
  axiom_platform_brush_baseline_runner.vcxproj -> D:\GitRepos\mostorm-labs\canvas\build-windows-real\apps\ink_playground\RelWithDebInfo\axiom_platform_brush_baseline_runner.exe
  Building Custom Rule D:/GitRepos/mostorm-labs/canvas/runtime/input/CMakeLists.txt
  Scanning sources for module dependencies...
  platform_interaction_ingress_test.cpp
  Compiling...
  platform_interaction_ingress_test.cpp
  axiom_platform_interaction_ingress_tests.vcxproj -> D:\GitRepos\mostorm-labs\canvas\build-windows-real\runtime\input\RelWithDebInfo\axiom_platform_interaction_ingress_tests.exe
  Building Custom Rule D:/GitRepos/mostorm-labs/canvas/runtime/input/CMakeLists.txt
  Scanning sources for module dependencies...
  platform_normalization_test.cpp
  Compiling...
  platform_normalization_test.cpp
  axiom_platform_normalization_tests.vcxproj -> D:\GitRepos\mostorm-labs\canvas\build-windows-real\runtime\input\RelWithDebInfo\axiom_platform_normalization_tests.exe
  Building Custom Rule D:/GitRepos/mostorm-labs/canvas/apps/ink_playground/CMakeLists.txt
  Scanning sources for module dependencies...
  selection_transform_test.cpp
  Compiling...
  selection_transform_test.cpp
  axiom_playground_transform_tests.vcxproj -> D:\GitRepos\mostorm-labs\canvas\build-windows-real\apps\ink_playground\RelWithDebInfo\axiom_playground_transform_tests.exe
  Building Custom Rule D:/GitRepos/mostorm-labs/canvas/runtime/ink/CMakeLists.txt
  Scanning sources for module dependencies...
  pointer_trace_test.cpp
  Compiling...
  pointer_trace_test.cpp
  axiom_pointer_trace_tests.vcxproj -> D:\GitRepos\mostorm-labs\canvas\build-windows-real\runtime\ink\RelWithDebInfo\axiom_pointer_trace_tests.exe
  Building Custom Rule D:/GitRepos/mostorm-labs/canvas/runtime/ink/CMakeLists.txt
  Scanning sources for module dependencies...
  preview_model_test.cpp
  Compiling...
  preview_model_test.cpp
  axiom_preview_model_tests.vcxproj -> D:\GitRepos\mostorm-labs\canvas\build-windows-real\runtime\ink\RelWithDebInfo\axiom_preview_model_tests.exe
  Building Custom Rule D:/GitRepos/mostorm-labs/canvas/runtime/ink/CMakeLists.txt
  Scanning sources for module dependencies...
  programmable_brush_test.cpp
  Compiling...
  programmable_brush_test.cpp
  axiom_programmable_brush_tests.vcxproj -> D:\GitRepos\mostorm-labs\canvas\build-windows-real\runtime\ink\RelWithDebInfo\axiom_programmable_brush_tests.exe
  Building Custom Rule D:/GitRepos/mostorm-labs/canvas/runtime/render/CMakeLists.txt
  Scanning sources for module dependencies...
  brush_outline_skia_path_test.cpp
  Compiling...
  brush_outline_skia_path_test.cpp
  axiom_render_brush_outline_skia_path_tests.vcxproj -> D:\GitRepos\mostorm-labs\canvas\build-windows-real\runtime\render\RelWithDebInfo\axiom_render_brush_outline_skia_path_tests.exe
  Building Custom Rule D:/GitRepos/mostorm-labs/canvas/runtime/render/CMakeLists.txt
  Scanning sources for module dependencies...
  chalk_continuous_texture_test.cpp
  Compiling...
  chalk_continuous_texture_test.cpp
  axiom_render_chalk_continuous_texture_tests.vcxproj -> D:\GitRepos\mostorm-labs\canvas\build-windows-real\runtime\render\RelWithDebInfo\axiom_render_chalk_continuous_texture_tests.exe
  Building Custom Rule D:/GitRepos/mostorm-labs/canvas/runtime/render/CMakeLists.txt
  Scanning sources for module dependencies...
  chalk_texture_test.cpp
  Compiling...
  chalk_texture_test.cpp
  axiom_render_chalk_texture_tests.vcxproj -> D:\GitRepos\mostorm-labs\canvas\build-windows-real\runtime\render\RelWithDebInfo\axiom_render_chalk_texture_tests.exe
  Building Custom Rule D:/GitRepos/mostorm-labs/canvas/runtime/render/CMakeLists.txt
  Scanning sources for module dependencies...
  direct_reference_source_test.cpp
  Compiling...
  direct_reference_source_test.cpp
  axiom_render_direct_reference_tests.vcxproj -> D:\GitRepos\mostorm-labs\canvas\build-windows-real\runtime\render\RelWithDebInfo\axiom_render_direct_reference_tests.exe
  Building Custom Rule D:/GitRepos/mostorm-labs/canvas/runtime/render/CMakeLists.txt
  Scanning sources for module dependencies...
  editing_overlay_test.cpp
  Compiling...
  editing_overlay_test.cpp
  axiom_render_editing_overlay_tests.vcxproj -> D:\GitRepos\mostorm-labs\canvas\build-windows-real\runtime\render\RelWithDebInfo\axiom_render_editing_overlay_tests.exe
  Building Custom Rule D:/GitRepos/mostorm-labs/canvas/runtime/render/CMakeLists.txt
  Scanning sources for module dependencies...
  frame_orchestration_test.cpp
  Compiling...
  frame_orchestration_test.cpp
  axiom_render_frame_orchestration_tests.vcxproj -> D:\GitRepos\mostorm-labs\canvas\build-windows-real\runtime\render\RelWithDebInfo\axiom_render_frame_orchestration_tests.exe
  Building Custom Rule D:/GitRepos/mostorm-labs/canvas/runtime/render/CMakeLists.txt
  Scanning sources for module dependencies...
  frame_state_contract_test.cpp
  Compiling...
  frame_state_contract_test.cpp
  axiom_render_frame_state_tests.vcxproj -> D:\GitRepos\mostorm-labs\canvas\build-windows-real\runtime\render\RelWithDebInfo\axiom_render_frame_state_tests.exe
  Building Custom Rule D:/GitRepos/mostorm-labs/canvas/runtime/render/CMakeLists.txt
  Scanning sources for module dependencies...
  headless_canvas_demo_test.cpp
  Compiling...
  headless_canvas_demo_test.cpp
  axiom_render_headless_canvas_demo_tests.vcxproj -> D:\GitRepos\mostorm-labs\canvas\build-windows-real\runtime\render\RelWithDebInfo\axiom_render_headless_canvas_demo_tests.exe
  Building Custom Rule D:/GitRepos/mostorm-labs/canvas/runtime/render/CMakeLists.txt
  Scanning sources for module dependencies...
  skia_headless_backend_test.cpp
  Compiling...
  skia_headless_backend_test.cpp
  axiom_render_headless_skia_tests.vcxproj -> D:\GitRepos\mostorm-labs\canvas\build-windows-real\runtime\render\RelWithDebInfo\axiom_render_headless_skia_tests.exe
  Building Custom Rule D:/GitRepos/mostorm-labs/canvas/runtime/render/CMakeLists.txt
  Scanning sources for module dependencies...
  preview_surface_test.cpp
  Compiling...
  preview_surface_test.cpp
  axiom_render_preview_surface_tests.vcxproj -> D:\GitRepos\mostorm-labs\canvas\build-windows-real\runtime\render\RelWithDebInfo\axiom_render_preview_surface_tests.exe
  Building Custom Rule D:/GitRepos/mostorm-labs/canvas/runtime/render/CMakeLists.txt
  Scanning sources for module dependencies...
  skia_brush_primitive_test.cpp
  Compiling...
  skia_brush_primitive_test.cpp
  axiom_render_skia_brush_primitive_tests.vcxproj -> D:\GitRepos\mostorm-labs\canvas\build-windows-real\runtime\render\RelWithDebInfo\axiom_render_skia_brush_primitive_tests.exe
  Building Custom Rule D:/GitRepos/mostorm-labs/canvas/runtime/render/CMakeLists.txt
  Scanning sources for module dependencies...
  skia_ink_backend_test.cpp
  Compiling...
  skia_ink_backend_test.cpp
  axiom_render_skia_ink_backend_tests.vcxproj -> D:\GitRepos\mostorm-labs\canvas\build-windows-real\runtime\render\RelWithDebInfo\axiom_render_skia_ink_backend_tests.exe
  Building Custom Rule D:/GitRepos/mostorm-labs/canvas/runtime/render/CMakeLists.txt
  Scanning sources for module dependencies...
  skia_surface_provider_test.cpp
  Compiling...
  skia_surface_provider_test.cpp
  axiom_render_skia_surface_provider_tests.vcxproj -> D:\GitRepos\mostorm-labs\canvas\build-windows-real\runtime\render\RelWithDebInfo\axiom_render_skia_surface_provider_tests.exe
  Building Custom Rule D:/GitRepos/mostorm-labs/canvas/runtime/render/CMakeLists.txt
  Scanning sources for module dependencies...
  surface_presentation_test.cpp
  Compiling...
  surface_presentation_test.cpp
  axiom_render_surface_presentation_tests.vcxproj -> D:\GitRepos\mostorm-labs\canvas\build-windows-real\runtime\render\RelWithDebInfo\axiom_render_surface_presentation_tests.exe
  Building Custom Rule D:/GitRepos/mostorm-labs/canvas/runtime/render/CMakeLists.txt
  Scanning sources for module dependencies...
  render_target_test.cpp
  Compiling...
  render_target_test.cpp
  axiom_render_target_tests.vcxproj -> D:\GitRepos\mostorm-labs\canvas\build-windows-real\runtime\render\RelWithDebInfo\axiom_render_target_tests.exe
  Building Custom Rule D:/GitRepos/mostorm-labs/canvas/runtime/render/CMakeLists.txt
  Scanning sources for module dependencies...
  visibility_resolver_test.cpp
  Compiling...
  visibility_resolver_test.cpp
  axiom_render_visibility_tests.vcxproj -> D:\GitRepos\mostorm-labs\canvas\build-windows-real\runtime\render\RelWithDebInfo\axiom_render_visibility_tests.exe
  Building Custom Rule D:/GitRepos/mostorm-labs/canvas/runtime/render/CMakeLists.txt
  Scanning sources for module dependencies...
  runtime_app_binding_test.cpp
  Compiling...
  runtime_app_binding_test.cpp
  axiom_runtime_app_binding_tests.vcxproj -> D:\GitRepos\mostorm-labs\canvas\build-windows-real\runtime\render\RelWithDebInfo\axiom_runtime_app_binding_tests.exe
  Building Custom Rule D:/GitRepos/mostorm-labs/canvas/runtime/interaction/CMakeLists.txt
  Scanning sources for module dependencies...
  selection_session_test.cpp
  Compiling...
  selection_session_test.cpp
  axiom_selection_session_tests.vcxproj -> D:\GitRepos\mostorm-labs\canvas\build-windows-real\runtime\interaction\RelWithDebInfo\axiom_selection_session_tests.exe
  Building Custom Rule D:/GitRepos/mostorm-labs/canvas/runtime/interaction/CMakeLists.txt
  Scanning sources for module dependencies...
  session_conflict_test.cpp
  Compiling...
  session_conflict_test.cpp
  axiom_session_conflict_tests.vcxproj -> D:\GitRepos\mostorm-labs\canvas\build-windows-real\runtime\interaction\RelWithDebInfo\axiom_session_conflict_tests.exe
  Building Custom Rule D:/GitRepos/mostorm-labs/canvas/runtime/interaction/CMakeLists.txt
  Scanning sources for module dependencies...
  session_lifecycle_test.cpp
  Compiling...
  session_lifecycle_test.cpp
  axiom_session_lifecycle_tests.vcxproj -> D:\GitRepos\mostorm-labs\canvas\build-windows-real\runtime\interaction\RelWithDebInfo\axiom_session_lifecycle_tests.exe
  Building Custom Rule D:/GitRepos/mostorm-labs/canvas/runtime/interaction/CMakeLists.txt
  Scanning sources for module dependencies...
  transform_handle_drag_test.cpp
  Compiling...
  transform_handle_drag_test.cpp
  axiom_transform_handle_drag_tests.vcxproj -> D:\GitRepos\mostorm-labs\canvas\build-windows-real\runtime\interaction\RelWithDebInfo\axiom_transform_handle_drag_tests.exe
  Building Custom Rule D:/GitRepos/mostorm-labs/canvas/runtime/interaction/CMakeLists.txt
  Scanning sources for module dependencies...
  transform_session_test.cpp
  Compiling...
  transform_session_test.cpp
  axiom_transform_session_tests.vcxproj -> D:\GitRepos\mostorm-labs\canvas\build-windows-real\runtime\interaction\RelWithDebInfo\axiom_transform_session_tests.exe
  Building Custom Rule D:/GitRepos/mostorm-labs/canvas/runtime/interaction/CMakeLists.txt
  Scanning sources for module dependencies...
  viewport_gesture_test.cpp
  Compiling...
  viewport_gesture_test.cpp
  axiom_viewport_gesture_tests.vcxproj -> D:\GitRepos\mostorm-labs\canvas\build-windows-real\runtime\interaction\RelWithDebInfo\axiom_viewport_gesture_tests.exe
  Building Custom Rule D:/GitRepos/mostorm-labs/canvas/apps/ink_playground/CMakeLists.txt
  Scanning sources for module dependencies...
  windows_d3d12_skia_surface_provider.cpp
  windows_preview_dispatch_test.cpp
  windows_smoke_evidence.cpp
  Compiling...
  windows_d3d12_skia_surface_provider.cpp
  windows_preview_dispatch_test.cpp
  windows_smoke_evidence.cpp
D:\GitRepos\mostorm-labs\canvas\apps\ink_playground\platform\windows\main.cpp(558,41): warning C4312: 'reinterpret_cast': conversion from 'const int' to 'HMENU' of greater size [D:\GitRepos\mostorm-labs\canvas\build-windows-real\apps\ink_playground\axiom_windows_preview_dispatch_tests.vcxproj]
  (compiling source file '../../../apps/ink_playground/tests/windows_preview_dispatch_test.cpp')
  
  axiom_windows_preview_dispatch_tests.vcxproj -> D:\GitRepos\mostorm-labs\canvas\build-windows-real\apps\ink_playground\RelWithDebInfo\axiom_windows_preview_dispatch_tests.exe
  Building Custom Rule D:/GitRepos/mostorm-labs/canvas/runtime/scene/testing/CMakeLists.txt
  Scanning sources for module dependencies...
  fake_spatial_index.cpp
  fake_render_scene.cpp
  Compiling...
  fake_spatial_index.cpp
  fake_render_scene.cpp
  canvas_runtime_scene_fakes.vcxproj -> D:\GitRepos\mostorm-labs\canvas\build-windows-real\runtime\scene\testing\RelWithDebInfo\canvas_runtime_scene_fakes.lib
  Building Custom Rule D:/GitRepos/mostorm-labs/canvas/runtime/scene/tests/CMakeLists.txt
  Scanning sources for module dependencies...
  semantic_generation_binding_test.cpp
  Compiling...
  semantic_generation_binding_test.cpp
  canvas_g2_a0_semantic_generation_binding.vcxproj -> D:\GitRepos\mostorm-labs\canvas\build-windows-real\runtime\scene\tests\RelWithDebInfo\canvas_g2_a0_semantic_generation_binding.exe
  Building Custom Rule D:/GitRepos/mostorm-labs/canvas/runtime/scene/tests/CMakeLists.txt
  Scanning sources for module dependencies...
  runtime_record_projection_test.cpp
  Compiling...
  runtime_record_projection_test.cpp
  canvas_g2_a1_runtime_record_projection.vcxproj -> D:\GitRepos\mostorm-labs\canvas\build-windows-real\runtime\scene\tests\RelWithDebInfo\canvas_g2_a1_runtime_record_projection.exe
  Building Custom Rule D:/GitRepos/mostorm-labs/canvas/runtime/scene/tests/CMakeLists.txt
  Scanning sources for module dependencies...
  bounds_system_test.cpp
  Compiling...
  bounds_system_test.cpp
  canvas_g2_a2_bounds_system_test.vcxproj -> D:\GitRepos\mostorm-labs\canvas\build-windows-real\runtime\scene\tests\RelWithDebInfo\canvas_g2_a2_bounds_system_test.exe
  Building Custom Rule D:/GitRepos/mostorm-labs/canvas/runtime/scene/tests/CMakeLists.txt
  Scanning sources for module dependencies...
  dependency_closure_test.cpp
  Compiling...
  dependency_closure_test.cpp
  canvas_g2_a2_dependency_closure_test.vcxproj -> D:\GitRepos\mostorm-labs\canvas\build-windows-real\runtime\scene\tests\RelWithDebInfo\canvas_g2_a2_dependency_closure_test.exe
  Building Custom Rule D:/GitRepos/mostorm-labs/canvas/runtime/scene/tests/CMakeLists.txt
  Scanning sources for module dependencies...
  reference_geometry_test.cpp
  Compiling...
  reference_geometry_test.cpp
  canvas_g2_a2_reference_geometry_test.vcxproj -> D:\GitRepos\mostorm-labs\canvas\build-windows-real\runtime\scene\tests\RelWithDebInfo\canvas_g2_a2_reference_geometry_test.exe
  Building Custom Rule D:/GitRepos/mostorm-labs/canvas/runtime/scene/tests/CMakeLists.txt
  Scanning sources for module dependencies...
  scene_impact_test.cpp
  Compiling...
  scene_impact_test.cpp
  canvas_g2_a2_scene_impact_test.vcxproj -> D:\GitRepos\mostorm-labs\canvas\build-windows-real\runtime\scene\tests\RelWithDebInfo\canvas_g2_a2_scene_impact_test.exe
  Building Custom Rule D:/GitRepos/mostorm-labs/canvas/runtime/scene/tests/CMakeLists.txt
  Scanning sources for module dependencies...
  full_incremental_equivalence_test.cpp
  Compiling...
  full_incremental_equivalence_test.cpp
  canvas_g2_a3_full_incremental_equivalence.vcxproj -> D:\GitRepos\mostorm-labs\canvas\build-windows-real\runtime\scene\tests\RelWithDebInfo\canvas_g2_a3_full_incremental_equivalence.exe
  Building Custom Rule D:/GitRepos/mostorm-labs/canvas/runtime/scene/tests/CMakeLists.txt
  Scanning sources for module dependencies...
  scene_delta_test.cpp
  Compiling...
  scene_delta_test.cpp
  canvas_g2_a4_scene_delta_test.vcxproj -> D:\GitRepos\mostorm-labs\canvas\build-windows-real\runtime\scene\tests\RelWithDebInfo\canvas_g2_a4_scene_delta_test.exe
  Building Custom Rule D:/GitRepos/mostorm-labs/canvas/runtime/scene/tests/CMakeLists.txt
  Scanning sources for module dependencies...
  uniform_grid_spatial_index.cpp
  linear_spatial_index.cpp
  spatial_index_d6_benchmark.cpp
  Compiling...
  spatial_index_d6_benchmark.cpp
  uniform_grid_spatial_index.cpp
  linear_spatial_index.cpp
  canvas_g2_a5_d6_spatial_index_benchmark.vcxproj -> D:\GitRepos\mostorm-labs\canvas\build-windows-real\runtime\scene\tests\RelWithDebInfo\canvas_g2_a5_d6_spatial_index_benchmark.exe
  Building Custom Rule D:/GitRepos/mostorm-labs/canvas/runtime/scene/tests/CMakeLists.txt
  Scanning sources for module dependencies...
  incremental_runtime_atomic_publication_test.cpp
  Compiling...
  incremental_runtime_atomic_publication_test.cpp
  canvas_g2_a6_atomic_publication.vcxproj -> D:\GitRepos\mostorm-labs\canvas\build-windows-real\runtime\scene\tests\RelWithDebInfo\canvas_g2_a6_atomic_publication.exe
  Building Custom Rule D:/GitRepos/mostorm-labs/canvas/runtime/scene/tests/CMakeLists.txt
  Scanning sources for module dependencies...
  incremental_runtime_coordinator_test.cpp
  incremental_runtime_full_oracle_adapter.cpp
  Compiling...
  incremental_runtime_coordinator_test.cpp
  incremental_runtime_full_oracle_adapter.cpp
  canvas_g2_a6_incremental_equivalence.vcxproj -> D:\GitRepos\mostorm-labs\canvas\build-windows-real\runtime\scene\tests\RelWithDebInfo\canvas_g2_a6_incremental_equivalence.exe
  Building Custom Rule D:/GitRepos/mostorm-labs/canvas/runtime/scene/tests/CMakeLists.txt
  Scanning sources for module dependencies...
  incremental_runtime_full_oracle_adapter.cpp
  incremental_runtime_recovery_test.cpp
  Compiling...
  incremental_runtime_recovery_test.cpp
  incremental_runtime_full_oracle_adapter.cpp
  canvas_g2_a6_recovery.vcxproj -> D:\GitRepos\mostorm-labs\canvas\build-windows-real\runtime\scene\tests\RelWithDebInfo\canvas_g2_a6_recovery.exe
  Building Custom Rule D:/GitRepos/mostorm-labs/canvas/pocs/shared_engine/CMakeLists.txt
  canvas_poc01_xxhash.vcxproj -> D:\GitRepos\mostorm-labs\canvas\build-windows-real\pocs\shared_engine\RelWithDebInfo\canvas_poc01_xxhash.lib
  Building Custom Rule D:/GitRepos/mostorm-labs/canvas/pocs/shared_engine/CMakeLists.txt
  Scanning sources for module dependencies...
  scene_compiler.cpp
  conformance.cpp
  c_bridge.cpp
  operations.cpp
  document.cpp
  foundation.cpp
  software_probe_renderer.cpp
  runtime.cpp
  Compiling...
  conformance.cpp
  c_bridge.cpp
  foundation.cpp
  operations.cpp
  runtime.cpp
  software_probe_renderer.cpp
  document.cpp
  scene_compiler.cpp
  canvas_poc01_core.vcxproj -> D:\GitRepos\mostorm-labs\canvas\build-windows-real\pocs\shared_engine\RelWithDebInfo\canvas_poc01_core.lib
  Building Custom Rule D:/GitRepos/mostorm-labs/canvas/pocs/shared_engine/CMakeLists.txt
  Scanning sources for module dependencies...
  host_cli.cpp
  Compiling...
  host_cli.cpp
  canvas_poc01_cli.vcxproj -> D:\GitRepos\mostorm-labs\canvas\build-windows-real\pocs\shared_engine\RelWithDebInfo\canvas_poc01_cli.exe
  Building Custom Rule D:/GitRepos/mostorm-labs/canvas/.deps/googletest/googletest/CMakeLists.txt
  gtest-all.cc
  gtest.vcxproj -> D:\GitRepos\mostorm-labs\canvas\build-windows-real\lib\RelWithDebInfo\gtest.lib
  Building Custom Rule D:/GitRepos/mostorm-labs/canvas/.deps/googletest/googletest/CMakeLists.txt
  gtest_main.cc
  gtest_main.vcxproj -> D:\GitRepos\mostorm-labs\canvas\build-windows-real\lib\RelWithDebInfo\gtest_main.lib
  Building Custom Rule D:/GitRepos/mostorm-labs/canvas/pocs/shared_engine/tests/CMakeLists.txt
  Scanning sources for module dependencies...
  c_api_test.cpp
  document_test.cpp
  conformance_test.cpp
  operations_test.cpp
  test_fixture.cpp
  scene_compiler_test.cpp
  Compiling...
  operations_test.cpp
  conformance_test.cpp
  scene_compiler_test.cpp
  test_fixture.cpp
  document_test.cpp
  c_api_test.cpp
  canvas_poc01_tests.vcxproj -> D:\GitRepos\mostorm-labs\canvas\build-windows-real\pocs\shared_engine\tests\RelWithDebInfo\canvas_poc01_tests.exe
  Building Custom Rule D:/GitRepos/mostorm-labs/canvas/runtime/scene/tests/CMakeLists.txt
  Scanning sources for module dependencies...
  damage_view_test.cpp
  Compiling...
  damage_view_test.cpp
  canvas_rf01_damage_view_test.vcxproj -> D:\GitRepos\mostorm-labs\canvas\build-windows-real\runtime\scene\tests\RelWithDebInfo\canvas_rf01_damage_view_test.exe
  Building Custom Rule D:/GitRepos/mostorm-labs/canvas/runtime/scene/tests/CMakeLists.txt
  Scanning sources for module dependencies...
  scene_full_rebuild_test.cpp
  Compiling...
  scene_full_rebuild_test.cpp
  canvas_rf01_full_rebuild_test.vcxproj -> D:\GitRepos\mostorm-labs\canvas\build-windows-real\runtime\scene\tests\RelWithDebInfo\canvas_rf01_full_rebuild_test.exe
  Building Custom Rule D:/GitRepos/mostorm-labs/canvas/runtime/scene/tests/CMakeLists.txt
  Scanning sources for module dependencies...
  scene_atomicity_test.cpp
  Compiling...
  scene_atomicity_test.cpp
  canvas_rf01_scene_atomicity_test.vcxproj -> D:\GitRepos\mostorm-labs\canvas\build-windows-real\runtime\scene\tests\RelWithDebInfo\canvas_rf01_scene_atomicity_test.exe
  Building Custom Rule D:/GitRepos/mostorm-labs/canvas/runtime/scene/tests/CMakeLists.txt
  Scanning sources for module dependencies...
  scene_binding_test.cpp
  Compiling...
  scene_binding_test.cpp
  canvas_rf01_scene_binding_test.vcxproj -> D:\GitRepos\mostorm-labs\canvas\build-windows-real\runtime\scene\tests\RelWithDebInfo\canvas_rf01_scene_binding_test.exe
  Building Custom Rule D:/GitRepos/mostorm-labs/canvas/runtime/semantic/tools/CMakeLists.txt
  Scanning sources for module dependencies...
  g1_07_replay_inspector_main.cpp
  g1_07_replay_corpus.cpp
  g1_06_projection.cpp
  g1_06_digest.cpp
  g1_07_replay_inspector.cpp
  Compiling...
  g1_07_replay_inspector.cpp
  g1_07_replay_corpus.cpp
  g1_07_replay_inspector_main.cpp
  g1_06_projection.cpp
  g1_06_digest.cpp
  canvas_semantic_g1_07_replay_inspector.vcxproj -> D:\GitRepos\mostorm-labs\canvas\build-windows-real\runtime\semantic\tools\RelWithDebInfo\canvas_semantic_g1_07_replay_inspector.exe
  Building Custom Rule D:/GitRepos/mostorm-labs/canvas/runtime/semantic/tools/CMakeLists.txt
  Scanning sources for module dependencies...
  g1_08_locality_workload.cpp
  g1_08_verifier_main.cpp
  g1_08_verifier.cpp
  Compiling...
  g1_08_verifier.cpp
  g1_08_locality_workload.cpp
  g1_08_verifier_main.cpp
  canvas_semantic_g1_08_verifier.vcxproj -> D:\GitRepos\mostorm-labs\canvas\build-windows-real\runtime\semantic\tools\RelWithDebInfo\canvas_semantic_g1_08_verifier.exe
  Building Custom Rule D:/GitRepos/mostorm-labs/canvas/runtime/semantic/tools/CMakeLists.txt
  Scanning sources for module dependencies...
  golden_probe.cpp
  Compiling...
  golden_probe.cpp
  canvas_semantic_golden_probe.vcxproj -> D:\GitRepos\mostorm-labs\canvas\build-windows-real\runtime\semantic\tools\RelWithDebInfo\canvas_semantic_golden_probe.exe
  Building Custom Rule D:/GitRepos/mostorm-labs/canvas/CMakeLists.txt
