[axiom] finish begin pointer=700 objects=0 scene_gen=0
[axiom] scene apply pointer=700 ok=1 objects=1 scene_gen=1
[axiom] present begin frame=1 objects=1 scene_records=1
[axiom] present begin frame=2 objects=1 scene_records=1
[axiom] present begin frame=3 objects=1 scene_records=1
[axiom] present begin frame=4 objects=1 scene_records=1
[axiom] present begin frame=5 objects=1 scene_records=1
[axiom] present begin frame=6 objects=1 scene_records=1
[axiom] finish begin pointer=700 objects=0 scene_gen=0
[axiom] scene apply pointer=700 ok=1 objects=1 scene_gen=1
[axiom] present begin frame=1 objects=1 scene_records=1
[axiom] present begin frame=2 objects=1 scene_records=1
[axiom] finish begin pointer=700 objects=0 scene_gen=0
[axiom] scene apply pointer=700 ok=1 objects=1 scene_gen=1
[axiom] present begin frame=1 objects=1 scene_records=1
[axiom] present begin frame=2 objects=1 scene_records=1
[axiom] finish begin pointer=700 objects=0 scene_gen=0
[axiom] scene apply pointer=700 ok=1 objects=1 scene_gen=1
[axiom] present begin frame=1 objects=1 scene_records=1
[axiom] present begin frame=2 objects=1 scene_records=1
[axiom] finish begin pointer=700 objects=0 scene_gen=0
[axiom] scene apply pointer=700 ok=1 objects=1 scene_gen=1
[axiom] present begin frame=1 objects=1 scene_records=1
[axiom] present begin frame=2 objects=1 scene_records=1
[axiom] finish begin pointer=700 objects=0 scene_gen=0
[axiom] scene apply pointer=700 ok=1 objects=1 scene_gen=1
[axiom] present begin frame=1 objects=1 scene_records=1
[axiom] present begin frame=2 objects=1 scene_records=1
[axiom] finish begin pointer=700 objects=0 scene_gen=0
[axiom] scene apply pointer=700 ok=1 objects=1 scene_gen=1
[axiom] present begin frame=1 objects=1 scene_records=1
[axiom] present begin frame=2 objects=1 scene_records=1
[axiom] finish begin pointer=700 objects=0 scene_gen=0
[axiom] scene apply pointer=700 ok=1 objects=1 scene_gen=1
[axiom] present begin frame=1 objects=1 scene_records=1
[axiom] present begin frame=2 objects=1 scene_records=1
[axiom] finish begin pointer=700 objects=0 scene_gen=0
[axiom] scene apply pointer=700 ok=1 objects=1 scene_gen=1
[axiom] present begin frame=1 objects=1 scene_records=1
[axiom] present begin frame=2 objects=1 scene_records=1
[axiom] finish begin pointer=700 objects=0 scene_gen=0
[axiom] scene apply pointer=700 ok=1 objects=1 scene_gen=1
[axiom] present begin frame=1 objects=1 scene_records=1
[axiom] present begin frame=2 objects=1 scene_records=1
[axiom] present begin frame=3 objects=1 scene_records=1
[axiom] finish begin pointer=700 objects=0 scene_gen=0
[axiom] scene apply pointer=700 ok=1 objects=1 scene_gen=1
[axiom] present begin frame=1 objects=1 scene_records=1
[axiom] present begin frame=2 objects=1 scene_records=1
[axiom] present begin frame=3 objects=1 scene_records=1
[axiom] present begin frame=4 objects=1 scene_records=1
[axiom] present begin frame=5 objects=1 scene_records=1
[axiom] present begin frame=6 objects=1 scene_records=1
[axiom] present begin frame=7 objects=1 scene_records=1
[axiom] present begin frame=8 objects=1 scene_records=1
[axiom] present begin frame=9 objects=1 scene_records=1
[axiom] present begin frame=10 objects=1 scene_records=1
[axiom] present begin frame=11 objects=1 scene_records=1
[axiom] present begin frame=12 objects=1 scene_records=1
[axiom] present begin frame=13 objects=1 scene_records=1
[axiom] present begin frame=14 objects=1 scene_records=1
[axiom] present begin frame=15 objects=1 scene_records=1
[axiom] present begin frame=16 objects=1 scene_records=1
[axiom] present begin frame=17 objects=1 scene_records=1
[axiom] present begin frame=18 objects=1 scene_records=1
[axiom] present begin frame=19 objects=1 scene_records=1
[axiom] present begin frame=20 objects=1 scene_records=1
[axiom] present begin frame=21 objects=1 scene_records=1
[axiom] present begin frame=22 objects=1 scene_records=1
[axiom] present begin frame=23 objects=1 scene_records=1
[axiom] present begin frame=24 objects=1 scene_records=1
[axiom] present begin frame=25 objects=1 scene_records=1
[axiom] present begin frame=26 objects=1 scene_records=1
[axiom] present begin frame=27 objects=1 scene_records=1
[axiom] present begin frame=28 objects=1 scene_records=1
[axiom] present begin frame=29 objects=1 scene_records=1
[axiom] present begin frame=30 objects=1 scene_records=1
[axiom] present begin frame=31 objects=1 scene_records=1
[axiom] present begin frame=32 objects=1 scene_records=1
[axiom] present begin frame=33 objects=1 scene_records=1
[axiom] present begin frame=34 objects=1 scene_records=1
[axiom] present begin frame=35 objects=1 scene_records=1
[axiom] present begin frame=36 objects=1 scene_records=1
[axiom] present begin frame=37 objects=1 scene_records=1
[axiom] present begin frame=38 objects=1 scene_records=1
[axiom] present begin frame=39 objects=1 scene_records=1
[axiom] present begin frame=40 objects=1 scene_records=1
[axiom] present begin frame=41 objects=1 scene_records=1
[axiom] present begin frame=42 objects=1 scene_records=1
[axiom] present begin frame=43 objects=1 scene_records=1
[axiom] present begin frame=44 objects=1 scene_records=1
[axiom] present begin frame=45 objects=1 scene_records=1
[axiom] finish begin pointer=700 objects=0 scene_gen=0
[axiom] scene apply pointer=700 ok=1 objects=1 scene_gen=1
[axiom] present begin frame=1 objects=1 scene_records=1
[axiom] present begin frame=2 objects=1 scene_records=1
[axiom] finish begin pointer=700 objects=0 scene_gen=0
[axiom] scene apply pointer=700 ok=1 objects=1 scene_gen=1
[axiom] present begin frame=1 objects=1 scene_records=1
[axiom] present begin frame=2 objects=1 scene_records=1
[axiom] present begin frame=3 objects=1 scene_records=1
[axiom] present begin frame=4 objects=1 scene_records=1
[axiom] present begin frame=5 objects=1 scene_records=1
[axiom] present begin frame=6 objects=1 scene_records=1
[axiom] present begin frame=7 objects=1 scene_records=1
[axiom] finish begin pointer=700 objects=0 scene_gen=0
[axiom] scene apply pointer=700 ok=1 objects=1 scene_gen=1
[axiom] present begin frame=1 objects=1 scene_records=1
[axiom] present begin frame=2 objects=1 scene_records=1
[axiom] present begin frame=3 objects=1 scene_records=1
[axiom] present begin frame=4 objects=1 scene_records=1
[axiom] present begin frame=5 objects=1 scene_records=1
[axiom] present begin frame=6 objects=1 scene_records=1
[axiom] present begin frame=7 objects=1 scene_records=1
[axiom] finish begin pointer=700 objects=0 scene_gen=0
[axiom] scene apply pointer=700 ok=1 objects=1 scene_gen=1
[axiom] present begin frame=1 objects=1 scene_records=1
[axiom] present begin frame=2 objects=1 scene_records=1
[axiom] present begin frame=3 objects=1 scene_records=1
[axiom] present begin frame=4 objects=1 scene_records=1
[axiom] present begin frame=5 objects=1 scene_records=1
[axiom] present begin frame=6 objects=1 scene_records=1
[axiom] present begin frame=7 objects=1 scene_records=1
[axiom] finish begin pointer=700 objects=0 scene_gen=0
[axiom] scene apply pointer=700 ok=1 objects=1 scene_gen=1
[axiom] present begin frame=1 objects=1 scene_records=1
[axiom] present begin frame=2 objects=1 scene_records=1
[axiom] present begin frame=3 objects=1 scene_records=1
[axiom] present begin frame=4 objects=1 scene_records=1
[axiom] present begin frame=5 objects=1 scene_records=1
[axiom] present begin frame=6 objects=1 scene_records=1
[axiom] present begin frame=7 objects=1 scene_records=1
[axiom] finish begin pointer=700 objects=0 scene_gen=0
[axiom] scene apply pointer=700 ok=1 objects=1 scene_gen=1
[axiom] present begin frame=1 objects=1 scene_records=1
[axiom] present begin frame=2 objects=1 scene_records=1
[axiom] present begin frame=3 objects=1 scene_records=1
[axiom] present begin frame=4 objects=1 scene_records=1
[axiom] present begin frame=5 objects=1 scene_records=1
[axiom] present begin frame=6 objects=1 scene_records=1
[axiom] present begin frame=7 objects=1 scene_records=1
[axiom] finish begin pointer=700 objects=0 scene_gen=0
[axiom] scene apply pointer=700 ok=1 objects=1 scene_gen=1
[axiom] present begin frame=1 objects=1 scene_records=1
[axiom] present begin frame=2 objects=1 scene_records=1
[axiom] present begin frame=3 objects=1 scene_records=1
[axiom] present begin frame=4 objects=1 scene_records=1
[axiom] present begin frame=5 objects=1 scene_records=1
[axiom] present begin frame=6 objects=1 scene_records=1
[axiom] present begin frame=7 objects=1 scene_records=1
[axiom] finish begin pointer=700 objects=0 scene_gen=0
[axiom] scene apply pointer=700 ok=1 objects=1 scene_gen=1
[axiom] present begin frame=1 objects=1 scene_records=1
[axiom] present begin frame=2 objects=1 scene_records=1
[axiom] present begin frame=3 objects=1 scene_records=1
[axiom] present begin frame=4 objects=1 scene_records=1
[axiom] present begin frame=5 objects=1 scene_records=1
[axiom] present begin frame=6 objects=1 scene_records=1
[axiom] present begin frame=7 objects=1 scene_records=1
PASS: real selection-pointer resize preview/commit/history
PASS: cancel/tool/resize/loss/invalid/focus leave zero mutations
PASS: secondary cannot steal; no-op/rejected release mutate zero
PASS: viewport zoom/pan, repeated side/corner/rotate/move and exact history pixels
PASS: accepted commit remains in history when derived publication fails
PASS: moved Vector partial erase uses local mask coordinates and exact history pixels
PASS: partial erase world footprint after scale/rotate/shear/reflection
