[axiom] present begin frame=1 objects=0 scene_records=0
[axiom] present begin frame=2 objects=0 scene_records=0
[axiom] present begin frame=3 objects=0 scene_records=0
[axiom] finish begin pointer=43 objects=0 scene_gen=0
[axiom] scene apply pointer=43 ok=1 objects=1 scene_gen=1
[axiom] present begin frame=4 objects=1 scene_records=1
[axiom] present begin frame=5 objects=1 scene_records=1
[axiom] finish begin pointer=4294967295 objects=1 scene_gen=1
[axiom] scene apply pointer=4294967295 ok=1 objects=2 scene_gen=2
[axiom] present begin frame=6 objects=2 scene_records=2
[axiom] present begin frame=7 objects=2 scene_records=2
[axiom] finish begin pointer=4294967295 objects=2 scene_gen=3
[axiom] scene apply pointer=4294967295 ok=1 objects=3 scene_gen=4
[axiom] present begin frame=8 objects=3 scene_records=3
[axiom] finish begin pointer=441 objects=3 scene_gen=4
[axiom] scene apply pointer=441 ok=1 objects=4 scene_gen=5
[axiom] present begin frame=9 objects=4 scene_records=4
[axiom] present begin frame=10 objects=4 scene_records=4
[axiom] finish begin pointer=4294967295 objects=4 scene_gen=6
[axiom] scene apply pointer=4294967295 ok=1 objects=5 scene_gen=7
[axiom] present begin frame=11 objects=5 scene_records=5
Input preview acquisitions=43
[axiom] finish begin pointer=4294967295 objects=5 scene_gen=7
[axiom] scene apply pointer=4294967295 ok=1 objects=6 scene_gen=8
[axiom] present begin frame=12 objects=6 scene_records=6
[axiom] finish begin pointer=4294967295 objects=6 scene_gen=8
[axiom] scene apply pointer=4294967295 ok=1 objects=7 scene_gen=9
[axiom] present begin frame=13 objects=7 scene_records=7
[axiom] finish begin pointer=4294967295 objects=7 scene_gen=9
[axiom] scene apply pointer=4294967295 ok=1 objects=8 scene_gen=10
[axiom] present begin frame=14 objects=8 scene_records=8
[axiom] finish begin pointer=4294967295 objects=8 scene_gen=10
[axiom] scene apply pointer=4294967295 ok=1 objects=9 scene_gen=11
[axiom] present begin frame=15 objects=9 scene_records=9
[axiom] finish begin pointer=4294967295 objects=9 scene_gen=11
[axiom] scene apply pointer=4294967295 ok=1 objects=10 scene_gen=12
[axiom] present begin frame=16 objects=10 scene_records=10
[axiom] finish begin pointer=4294967295 objects=10 scene_gen=12
[axiom] scene apply pointer=4294967295 ok=1 objects=11 scene_gen=13
[axiom] present begin frame=17 objects=11 scene_records=11
[axiom] finish begin pointer=900 objects=0 scene_gen=0
[axiom] scene apply pointer=900 ok=1 objects=1 scene_gen=1
[axiom] present begin frame=1 objects=1 scene_records=1
cancel message=256
cancel message=8
cancel message=533
cancel message=5
PASS: Windows mouse RuntimeFacade commit/Escape/focus/capture/resize/tool/stale
