MSBuild version 18.6.3+84d3e95b4 for .NET Framework

  protocol_c_smoke.c
D:\GitRepos\mostorm-labs\canvas\arc\tests\protocol_c_smoke.c(5,16): error C2143: syntax error: missing ')' before 'sizeof' [D:\GitRepos\mostorm-labs\canvas\build-windows-real\arc\arc_protocol_c_smoke.vcxproj]
D:\GitRepos\mostorm-labs\canvas\arc\tests\protocol_c_smoke.c(5,16): error C2143: syntax error: missing '{' before 'sizeof' [D:\GitRepos\mostorm-labs\canvas\build-windows-real\arc\arc_protocol_c_smoke.vcxproj]
D:\GitRepos\mostorm-labs\canvas\arc\tests\protocol_c_smoke.c(5,16): error C2059: syntax error: 'sizeof' [D:\GitRepos\mostorm-labs\canvas\build-windows-real\arc\arc_protocol_c_smoke.vcxproj]
D:\GitRepos\mostorm-labs\canvas\arc\tests\protocol_c_smoke.c(7,16): error C2143: syntax error: missing ')' before 'sizeof' [D:\GitRepos\mostorm-labs\canvas\build-windows-real\arc\arc_protocol_c_smoke.vcxproj]
D:\GitRepos\mostorm-labs\canvas\arc\tests\protocol_c_smoke.c(7,16): error C2143: syntax error: missing '{' before 'sizeof' [D:\GitRepos\mostorm-labs\canvas\build-windows-real\arc\arc_protocol_c_smoke.vcxproj]
D:\GitRepos\mostorm-labs\canvas\arc\tests\protocol_c_smoke.c(7,16): error C2059: syntax error: 'sizeof' [D:\GitRepos\mostorm-labs\canvas\build-windows-real\arc\arc_protocol_c_smoke.vcxproj]
D:\GitRepos\mostorm-labs\canvas\arc\tests\protocol_c_smoke.c(9,16): error C2143: syntax error: missing ')' before '(' [D:\GitRepos\mostorm-labs\canvas\build-windows-real\arc\arc_protocol_c_smoke.vcxproj]
D:\GitRepos\mostorm-labs\canvas\arc\tests\protocol_c_smoke.c(9,1): error C2091: function returns function [D:\GitRepos\mostorm-labs\canvas\build-windows-real\arc\arc_protocol_c_smoke.vcxproj]
D:\GitRepos\mostorm-labs\canvas\arc\tests\protocol_c_smoke.c(9,16): error C2059: syntax error: ')' [D:\GitRepos\mostorm-labs\canvas\build-windows-real\arc\arc_protocol_c_smoke.vcxproj]
D:\GitRepos\mostorm-labs\canvas\arc\tests\protocol_c_smoke.c(9,16): error C2143: syntax error: missing ')' before '&' [D:\GitRepos\mostorm-labs\canvas\build-windows-real\arc\arc_protocol_c_smoke.vcxproj]
D:\GitRepos\mostorm-labs\canvas\arc\tests\protocol_c_smoke.c(9,16): error C2143: syntax error: missing '{' before '&' [D:\GitRepos\mostorm-labs\canvas\build-windows-real\arc\arc_protocol_c_smoke.vcxproj]
D:\GitRepos\mostorm-labs\canvas\arc\tests\protocol_c_smoke.c(9,16): error C2059: syntax error: '&' [D:\GitRepos\mostorm-labs\canvas\build-windows-real\arc\arc_protocol_c_smoke.vcxproj]
D:\GitRepos\mostorm-labs\canvas\arc\tests\protocol_c_smoke.c(11,16): error C2143: syntax error: missing ')' before '(' [D:\GitRepos\mostorm-labs\canvas\build-windows-real\arc\arc_protocol_c_smoke.vcxproj]
D:\GitRepos\mostorm-labs\canvas\arc\tests\protocol_c_smoke.c(11,1): error C2091: function returns function [D:\GitRepos\mostorm-labs\canvas\build-windows-real\arc\arc_protocol_c_smoke.vcxproj]
D:\GitRepos\mostorm-labs\canvas\arc\tests\protocol_c_smoke.c(11,16): error C2059: syntax error: ')' [D:\GitRepos\mostorm-labs\canvas\build-windows-real\arc\arc_protocol_c_smoke.vcxproj]
D:\GitRepos\mostorm-labs\canvas\arc\tests\protocol_c_smoke.c(11,16): error C2143: syntax error: missing ')' before '&' [D:\GitRepos\mostorm-labs\canvas\build-windows-real\arc\arc_protocol_c_smoke.vcxproj]
D:\GitRepos\mostorm-labs\canvas\arc\tests\protocol_c_smoke.c(11,16): error C2143: syntax error: missing '{' before '&' [D:\GitRepos\mostorm-labs\canvas\build-windows-real\arc\arc_protocol_c_smoke.vcxproj]
D:\GitRepos\mostorm-labs\canvas\arc\tests\protocol_c_smoke.c(11,16): error C2059: syntax error: '&' [D:\GitRepos\mostorm-labs\canvas\build-windows-real\arc\arc_protocol_c_smoke.vcxproj]
