MSBuild version 18.6.3+84d3e95b4 for .NET Framework

  Scanning sources for module dependencies...
  Scanning sources for module dependencies...
  arc_core.vcxproj -> D:\GitRepos\mostorm-labs\canvas\build-windows-real\arc\RelWithDebInfo\arc_core.lib
  Scanning sources for module dependencies...
  Scanning sources for module dependencies...
  canvas_g2_a5_spatial_index_differential_test.vcxproj -> D:\GitRepos\mostorm-labs\canvas\build-windows-real\runtime\scene\tests\RelWithDebInfo\canvas_g2_a5_spatial_index_differential_test.exe
  canvas_runtime_semantic.vcxproj -> D:\GitRepos\mostorm-labs\canvas\build-windows-real\runtime\semantic\RelWithDebInfo\canvas_runtime_semantic.lib
  Scanning sources for module dependencies...
  canvas_debug_ui.vcxproj -> D:\GitRepos\mostorm-labs\canvas\build-windows-real\debug_ui\RelWithDebInfo\canvas_debug_ui.lib
  canvas_runtime_input.vcxproj -> D:\GitRepos\mostorm-labs\canvas\build-windows-real\runtime\input\RelWithDebInfo\canvas_runtime_input.lib
  1>
  Run GT-G2-00-A5 P36 spatial differential oracle
  Scanning sources for module dependencies...
  Scanning sources for module dependencies...
  canvas_runtime_interaction.vcxproj -> D:\GitRepos\mostorm-labs\canvas\build-windows-real\runtime\interaction\RelWithDebInfo\canvas_runtime_interaction.lib
  canvas_runtime_ink.vcxproj -> D:\GitRepos\mostorm-labs\canvas\build-windows-real\runtime\ink\RelWithDebInfo\canvas_runtime_ink.lib
  Scanning sources for module dependencies...
  arc_Windows.vcxproj -> D:\GitRepos\mostorm-labs\canvas\build-windows-real\arc\RelWithDebInfo\arc_Windows.lib
  Scanning sources for module dependencies...
  canvas_runtime_scene.vcxproj -> D:\GitRepos\mostorm-labs\canvas\build-windows-real\runtime\scene\RelWithDebInfo\canvas_runtime_scene.lib
  Scanning sources for module dependencies...
  canvas_runtime_render.vcxproj -> D:\GitRepos\mostorm-labs\canvas\build-windows-real\runtime\render\RelWithDebInfo\canvas_runtime_render.lib
  Scanning sources for module dependencies...
  axiom_ink_playground_common.vcxproj -> D:\GitRepos\mostorm-labs\canvas\build-windows-real\apps\ink_playground\RelWithDebInfo\axiom_ink_playground_common.lib
  Scanning sources for module dependencies...
  axiom_ink_playground_windows.vcxproj -> D:\GitRepos\mostorm-labs\canvas\build-windows-real\apps\ink_playground\RelWithDebInfo\axiom_ink_playground_windows.exe
MSBuild version 18.6.3+84d3e95b4 for .NET Framework

  1>
  Scanning sources for module dependencies...
  Scanning sources for module dependencies...
  Scanning sources for module dependencies...
  canvas_runtime_input.vcxproj -> D:\GitRepos\mostorm-labs\canvas\build-windows-real\runtime\input\RelWithDebInfo\canvas_runtime_input.lib
  canvas_g2_a5_spatial_index_differential_test.vcxproj -> D:\GitRepos\mostorm-labs\canvas\build-windows-real\runtime\scene\tests\RelWithDebInfo\canvas_g2_a5_spatial_index_differential_test.exe
  Run GT-G2-00-A5 P36 spatial differential oracle
  canvas_runtime_semantic.vcxproj -> D:\GitRepos\mostorm-labs\canvas\build-windows-real\runtime\semantic\RelWithDebInfo\canvas_runtime_semantic.lib
  Scanning sources for module dependencies...
  canvas_runtime_ink.vcxproj -> D:\GitRepos\mostorm-labs\canvas\build-windows-real\runtime\ink\RelWithDebInfo\canvas_runtime_ink.lib
  Scanning sources for module dependencies...
  canvas_runtime_interaction.vcxproj -> D:\GitRepos\mostorm-labs\canvas\build-windows-real\runtime\interaction\RelWithDebInfo\canvas_runtime_interaction.lib
  Scanning sources for module dependencies...
  canvas_runtime_scene.vcxproj -> D:\GitRepos\mostorm-labs\canvas\build-windows-real\runtime\scene\RelWithDebInfo\canvas_runtime_scene.lib
  Scanning sources for module dependencies...
  canvas_runtime_render.vcxproj -> D:\GitRepos\mostorm-labs\canvas\build-windows-real\runtime\render\RelWithDebInfo\canvas_runtime_render.lib
  Scanning sources for module dependencies...
  axiom_ink_playground_common.vcxproj -> D:\GitRepos\mostorm-labs\canvas\build-windows-real\apps\ink_playground\RelWithDebInfo\axiom_ink_playground_common.lib
  Scanning sources for module dependencies...
  axiom_brush_runtime_pipeline_tests.vcxproj -> D:\GitRepos\mostorm-labs\canvas\build-windows-real\apps\ink_playground\RelWithDebInfo\axiom_brush_runtime_pipeline_tests.exe
MSBuild version 18.6.3+84d3e95b4 for .NET Framework

  Scanning sources for module dependencies...
  Scanning sources for module dependencies...
  arc_core.vcxproj -> D:\GitRepos\mostorm-labs\canvas\build-windows-real\arc\RelWithDebInfo\arc_core.lib
  Scanning sources for module dependencies...
  canvas_debug_ui.vcxproj -> D:\GitRepos\mostorm-labs\canvas\build-windows-real\debug_ui\RelWithDebInfo\canvas_debug_ui.lib
  Scanning sources for module dependencies...
  canvas_runtime_semantic.vcxproj -> D:\GitRepos\mostorm-labs\canvas\build-windows-real\runtime\semantic\RelWithDebInfo\canvas_runtime_semantic.lib
  Scanning sources for module dependencies...
  canvas_g2_a5_spatial_index_differential_test.vcxproj -> D:\GitRepos\mostorm-labs\canvas\build-windows-real\runtime\scene\tests\RelWithDebInfo\canvas_g2_a5_spatial_index_differential_test.exe
  canvas_runtime_input.vcxproj -> D:\GitRepos\mostorm-labs\canvas\build-windows-real\runtime\input\RelWithDebInfo\canvas_runtime_input.lib
  Run GT-G2-00-A5 P36 spatial differential oracle
  1>
  Scanning sources for module dependencies...
  Scanning sources for module dependencies...
  canvas_runtime_interaction.vcxproj -> D:\GitRepos\mostorm-labs\canvas\build-windows-real\runtime\interaction\RelWithDebInfo\canvas_runtime_interaction.lib
  canvas_runtime_ink.vcxproj -> D:\GitRepos\mostorm-labs\canvas\build-windows-real\runtime\ink\RelWithDebInfo\canvas_runtime_ink.lib
  Scanning sources for module dependencies...
  arc_Windows.vcxproj -> D:\GitRepos\mostorm-labs\canvas\build-windows-real\arc\RelWithDebInfo\arc_Windows.lib
  Scanning sources for module dependencies...
  canvas_runtime_scene.vcxproj -> D:\GitRepos\mostorm-labs\canvas\build-windows-real\runtime\scene\RelWithDebInfo\canvas_runtime_scene.lib
  Scanning sources for module dependencies...
  canvas_runtime_render.vcxproj -> D:\GitRepos\mostorm-labs\canvas\build-windows-real\runtime\render\RelWithDebInfo\canvas_runtime_render.lib
  Scanning sources for module dependencies...
  axiom_ink_playground_common.vcxproj -> D:\GitRepos\mostorm-labs\canvas\build-windows-real\apps\ink_playground\RelWithDebInfo\axiom_ink_playground_common.lib
  Scanning sources for module dependencies...
  axiom_windows_preview_dispatch_tests.vcxproj -> D:\GitRepos\mostorm-labs\canvas\build-windows-real\apps\ink_playground\RelWithDebInfo\axiom_windows_preview_dispatch_tests.exe
MSBuild version 18.6.3+84d3e95b4 for .NET Framework

  Scanning sources for module dependencies...
  Scanning sources for module dependencies...
  arc_core.vcxproj -> D:\GitRepos\mostorm-labs\canvas\build-windows-real\arc\RelWithDebInfo\arc_core.lib
  canvas_runtime_input.vcxproj -> D:\GitRepos\mostorm-labs\canvas\build-windows-real\runtime\input\RelWithDebInfo\canvas_runtime_input.lib
  Scanning sources for module dependencies...
  canvas_runtime_semantic.vcxproj -> D:\GitRepos\mostorm-labs\canvas\build-windows-real\runtime\semantic\RelWithDebInfo\canvas_runtime_semantic.lib
  Scanning sources for module dependencies...
  Scanning sources for module dependencies...
  canvas_runtime_ink.vcxproj -> D:\GitRepos\mostorm-labs\canvas\build-windows-real\runtime\ink\RelWithDebInfo\canvas_runtime_ink.lib
  canvas_runtime_interaction.vcxproj -> D:\GitRepos\mostorm-labs\canvas\build-windows-real\runtime\interaction\RelWithDebInfo\canvas_runtime_interaction.lib
  Scanning sources for module dependencies...
  arc_Windows.vcxproj -> D:\GitRepos\mostorm-labs\canvas\build-windows-real\arc\RelWithDebInfo\arc_Windows.lib
  Scanning sources for module dependencies...
  axiom_ink_playground_windows_pointer_utils_tests.vcxproj -> D:\GitRepos\mostorm-labs\canvas\build-windows-real\apps\ink_playground\RelWithDebInfo\axiom_ink_playground_windows_pointer_utils_tests.exe
