**********************************************************************
** Visual Studio 2026 Developer Command Prompt v18.6.3
** Copyright (c) 2026 Microsoft Corporation
**********************************************************************
[vcvarsall.bat] Environment initialized for: 'x64'
[1/175] Building CXX object runtime\semantic\CMakeFiles\canvas_runtime_semantic.dir\src\replay.cpp.obj
[2/175] Building CXX object runtime\semantic\CMakeFiles\canvas_runtime_semantic.dir\src\operation_engine.cpp.obj
[3/175] Building CXX object runtime\semantic\CMakeFiles\canvas_runtime_semantic.dir\src\change_set_builder.cpp.obj
[4/175] Generating generated/membrane_shape_png.hpp
[5/175] Generating generated/chalk_grain_png.hpp
[6/175] Building CXX object runtime\semantic\CMakeFiles\canvas_runtime_semantic.dir\src\atomic_apply.cpp.obj
[7/175] Generating generated/chalk_shape_png.hpp
[8/175] Generating generated/membrane_grain_png.hpp
[9/175] Building CXX object debug_ui\CMakeFiles\canvas_debug_ui.dir\src\snapshot.cpp.obj
[10/175] Building CXX object debug_ui\CMakeFiles\canvas_debug_ui.dir\src\input_capture.cpp.obj
[11/175] Building CXX object runtime\semantic\CMakeFiles\canvas_runtime_semantic.dir\src\apply_plan.cpp.obj
[12/175] Building CXX object debug_ui\CMakeFiles\canvas_debug_ui.dir\src\activity_log.cpp.obj
[13/175] Building CXX object debug_ui\CMakeFiles\canvas_debug_ui.dir\src\snapshot_assembler.cpp.obj
[14/175] Building CXX object debug_ui\CMakeFiles\canvas_debug_ui.dir\src\controller.cpp.obj
[15/175] Building CXX object debug_ui\CMakeFiles\canvas_debug_ui.dir\src\control_router.cpp.obj
[16/175] Building CXX object debug_ui\CMakeFiles\canvas_debug_ui.dir\src\workbench.cpp.obj
[17/175] Building CXX object runtime\text\CMakeFiles\canvas_runtime_text.dir\src\text_layout.cpp.obj
[18/175] Building CXX object debug_ui\CMakeFiles\canvas_debug_ui.dir\src\panel_registry.cpp.obj
[19/175] Building CXX object debug_ui\CMakeFiles\canvas_debug_ui.dir\src\imgui_skia_renderer.cpp.obj
[20/175] Building CXX object debug_ui\CMakeFiles\canvas_debug_ui.dir\src\panel_model.cpp.obj
[21/175] Building CXX object debug_ui\CMakeFiles\canvas_debug_ui.dir\src\builtin_panels.cpp.obj
[22/175] Building CXX object debug_ui\CMakeFiles\canvas_debug_ui.dir\src\panels\control.cpp.obj
[23/175] Building CXX object debug_ui\CMakeFiles\canvas_debug_ui.dir\src\panels\dashboard.cpp.obj
[24/175] Building CXX object debug_ui\CMakeFiles\canvas_debug_ui.dir\src\panels\performance.cpp.obj
[25/175] Building CXX object debug_ui\CMakeFiles\canvas_debug_ui.dir\src\panels\runtime.cpp.obj
[26/175] Building CXX object debug_ui\CMakeFiles\canvas_debug_ui.dir\src\panels\inspect.cpp.obj
[27/175] Building CXX object debug_ui\CMakeFiles\canvas_debug_ui.dir\src\panels\features\ink.cpp.obj
[28/175] Building CXX object debug_ui\CMakeFiles\canvas_debug_ui.dir\src\panels\scenarios.cpp.obj
[29/175] Building CXX object debug_ui\CMakeFiles\canvas_debug_ui.dir\__\.deps\imgui\backends\imgui_impl_win32.cpp.obj
[30/175] Building CXX object debug_ui\CMakeFiles\canvas_debug_ui.dir\__\.deps\imgui\imgui_tables.cpp.obj
[31/175] Building CXX object runtime\control\CMakeFiles\canvas_runtime_control.dir\src\build_info.cpp.obj
[32/175] Building CXX object runtime\control\CMakeFiles\canvas_runtime_control.dir\src\canvas_control_service.cpp.obj
[33/175] Linking CXX static library runtime\control\canvas_runtime_control.lib
[34/175] Building CXX object debug_ui\CMakeFiles\canvas_debug_ui.dir\src\windows_host.cpp.obj
[35/175] Building CXX object runtime\semantic\CMakeFiles\canvas_runtime_semantic.dir\src\operation_state_validator.cpp.obj
[36/175] Building CXX object debug_ui\CMakeFiles\canvas_debug_ui.dir\__\.deps\imgui\imgui_widgets.cpp.obj
[37/175] Building CXX object runtime\semantic\CMakeFiles\canvas_runtime_semantic.dir\src\idempotency.cpp.obj
[38/175] Building CXX object runtime\semantic\CMakeFiles\canvas_runtime_semantic.dir\src\change_set.cpp.obj
[39/175] Building CXX object debug_ui\CMakeFiles\canvas_debug_ui.dir\__\.deps\imgui\imgui_draw.cpp.obj
[40/175] Building CXX object debug_ui\CMakeFiles\canvas_debug_ui.dir\__\.deps\imgui\imgui.cpp.obj
[41/175] Linking CXX static library debug_ui\canvas_debug_ui.lib
[42/175] Building CXX object runtime\semantic\CMakeFiles\canvas_runtime_semantic.dir\src\applied_operation_ledger.cpp.obj
[43/175] Building CXX object runtime\semantic\CMakeFiles\canvas_runtime_semantic.dir\src\semantic_types.cpp.obj
[44/175] Building CXX object runtime\semantic\CMakeFiles\canvas_runtime_semantic.dir\src\object_index.cpp.obj
[45/175] Building CXX object runtime\semantic\CMakeFiles\canvas_runtime_semantic.dir\src\indexed_object_store.cpp.obj
[46/175] Building CXX object runtime\semantic\CMakeFiles\canvas_runtime_semantic.dir\src\stateful_validation.cpp.obj
[47/175] Building CXX object runtime\semantic\CMakeFiles\canvas_runtime_semantic.dir\src\operation_fingerprint.cpp.obj
[48/175] Building CXX object runtime\semantic\CMakeFiles\canvas_runtime_semantic.dir\src\reference_object_store.cpp.obj
[49/175] Building CXX object runtime\semantic\CMakeFiles\canvas_runtime_semantic.dir\src\connector_validation.cpp.obj
[50/175] Building CXX object runtime\semantic\CMakeFiles\canvas_runtime_semantic.dir\src\brush_engine_codec.cpp.obj
[51/175] Building CXX object runtime\semantic\CMakeFiles\canvas_runtime_semantic.dir\src\staged_object_view.cpp.obj
[52/175] Building CXX object runtime\semantic\CMakeFiles\canvas_runtime_semantic.dir\src\hierarchy_validation.cpp.obj
[53/175] Building CXX object runtime\semantic\CMakeFiles\canvas_runtime_semantic.dir\src\codec.cpp.obj
[54/175] Building CXX object runtime\semantic\CMakeFiles\canvas_runtime_semantic.dir\src\protobuf_object_mapping.cpp.obj
[55/175] Building CXX object runtime\text\CMakeFiles\canvas_runtime_text.dir\src\sha256.cpp.obj
[56/175] Building CXX object runtime\semantic\CMakeFiles\canvas_runtime_semantic.dir\src\snapshot.cpp.obj
[57/175] Building CXX object runtime\semantic\CMakeFiles\canvas_runtime_semantic.dir\src\snapshot_bootstrap.cpp.obj
[58/175] Building CXX object runtime\semantic\CMakeFiles\canvas_runtime_semantic.dir\src\delete_closure.cpp.obj
[59/175] Building CXX object runtime\semantic\CMakeFiles\canvas_runtime_semantic.dir\src\validator.cpp.obj
[60/175] Building CXX object runtime\semantic\CMakeFiles\canvas_runtime_semantic.dir\src\restore_planner.cpp.obj
[61/175] Building CXX object runtime\semantic\CMakeFiles\canvas_runtime_semantic.dir\src\hierarchy_capability_validation.cpp.obj
[62/175] Building CXX object runtime\semantic\CMakeFiles\canvas_runtime_semantic.dir\src\normalizer.cpp.obj
[63/175] Building CXX object runtime\semantic\CMakeFiles\canvas_runtime_semantic.dir\src\rich_text_state_plan.cpp.obj
[64/175] Building CXX object runtime\scene\tests\CMakeFiles\canvas_g2_a5_spatial_index_differential_test.dir\__\src\linear_spatial_index.cpp.obj
[65/175] Building CXX object arc\CMakeFiles\arc_core.dir\src\host_adapter.cpp.obj
[66/175] Building CXX object runtime\scene\tests\CMakeFiles\canvas_g2_a5_spatial_index_differential_test.dir\spatial_index_differential_test.cpp.obj
[67/175] Building CXX object arc\CMakeFiles\arc_core.dir\src\temporal_transient.cpp.obj
[68/175] Building CXX object runtime\interaction\CMakeFiles\canvas_runtime_interaction.dir\src\editor_session.cpp.obj
[69/175] Building CXX object arc\CMakeFiles\arc_core.dir\src\bridge.cpp.obj
[70/175] Linking CXX static library arc\arc_core.lib
[71/175] Building CXX object runtime\semantic\CMakeFiles\canvas_runtime_semantic.dir\src\operation_specific_validation.cpp.obj
[72/175] Linking CXX static library runtime\semantic\canvas_runtime_semantic.lib
[73/175] Building CXX object runtime\scene\tests\CMakeFiles\canvas_g2_a5_spatial_index_differential_test.dir\__\src\uniform_grid_spatial_index.cpp.obj
[74/175] Linking CXX static library runtime\text\canvas_runtime_text.lib
[75/175] Building CXX object runtime\interaction\CMakeFiles\canvas_runtime_interaction.dir\src\hit_test_service.cpp.obj
[76/175] Building CXX object runtime\interaction\CMakeFiles\canvas_runtime_interaction.dir\src\eraser_session.cpp.obj
[77/175] Linking CXX executable runtime\scene\tests\canvas_g2_a5_spatial_index_differential_test.exe; Run GT-G2-00-A5 P36 spatial differential oracle
[78/175] Building CXX object arc\CMakeFiles\arc_Windows.dir\platform\windows\windows_backend.cpp.obj
[79/175] Building CXX object runtime\interaction\CMakeFiles\canvas_runtime_interaction.dir\src\transform_session.cpp.obj
[80/175] Building CXX object runtime\interaction\CMakeFiles\canvas_runtime_interaction.dir\src\interaction_runtime.cpp.obj
[81/175] Building CXX object runtime\interaction\CMakeFiles\canvas_runtime_interaction.dir\src\selection_session.cpp.obj
[82/175] Building CXX object runtime\interaction\CMakeFiles\canvas_runtime_interaction.dir\src\transform_handle_drag.cpp.obj
[83/175] Building CXX object runtime\scene\CMakeFiles\canvas_runtime_scene.dir\src\damage_tracker.cpp.obj
[84/175] Building CXX object runtime\scene\CMakeFiles\canvas_runtime_scene.dir\src\scene_view.cpp.obj
[85/175] Building CXX object runtime\scene\CMakeFiles\canvas_runtime_scene.dir\src\direct_render_scene.cpp.obj
[86/175] Building CXX object runtime\scene\CMakeFiles\canvas_runtime_scene.dir\src\scene_delta.cpp.obj
[87/175] Building CXX object runtime\scene\CMakeFiles\canvas_runtime_scene.dir\src\scene_dependency_graph.cpp.obj
[88/175] Building CXX object runtime\scene\CMakeFiles\canvas_runtime_scene.dir\src\scene_record_store.cpp.obj
[89/175] Building CXX object runtime\scene\CMakeFiles\canvas_runtime_scene.dir\src\shadow_render_scene.cpp.obj
[90/175] Building CXX object runtime\scene\CMakeFiles\canvas_runtime_scene.dir\src\scene_binding.cpp.obj
[91/175] Building CXX object runtime\scene\CMakeFiles\canvas_runtime_scene.dir\src\reference_geometry.cpp.obj
[92/175] Building CXX object runtime\scene\CMakeFiles\canvas_runtime_scene.dir\src\bounds_system.cpp.obj
[93/175] Building CXX object runtime\scene\CMakeFiles\canvas_runtime_scene.dir\src\incremental_runtime_full_materialization_bridge.cpp.obj
[94/175] Building CXX object runtime\scene\CMakeFiles\canvas_runtime_scene.dir\src\scene_impact.cpp.obj
[95/175] Building CXX object runtime\scene\CMakeFiles\canvas_runtime_scene.dir\src\scene.cpp.obj
[96/175] Building CXX object runtime\scene\CMakeFiles\canvas_runtime_scene.dir\src\linear_spatial_index.cpp.obj
[97/175] Linking CXX static library arc\arc_Windows.lib
[98/175] Building CXX object runtime\scene\CMakeFiles\canvas_runtime_scene.dir\src\full_scene_compiler.cpp.obj
[99/175] Building CXX object runtime\scene\CMakeFiles\canvas_runtime_scene.dir\src\spatial_delta.cpp.obj
[100/175] Building CXX object runtime\interaction\CMakeFiles\canvas_runtime_interaction.dir\src\interaction_dependency_footprint.cpp.obj
[101/175] Building CXX object runtime\scene\CMakeFiles\canvas_runtime_scene.dir\src\incremental_runtime_coordinator.cpp.obj
[102/175] Building CXX object runtime\scene\CMakeFiles\canvas_runtime_scene.dir\src\uniform_grid_spatial_index.cpp.obj
[103/175] Building CXX object runtime\interaction\CMakeFiles\canvas_runtime_interaction.dir\src\gesture_arbiter.cpp.obj
[104/175] Building CXX object runtime\scene\CMakeFiles\canvas_runtime_scene.dir\src\runtime_scene_projection.cpp.obj
[105/175] Building CXX object runtime\interaction\CMakeFiles\canvas_runtime_interaction.dir\src\multi_contact_coordinator.cpp.obj
[106/175] Linking CXX static library runtime\scene\canvas_runtime_scene.lib
[107/175] Building CXX object runtime\interaction\CMakeFiles\canvas_runtime_interaction.dir\src\viewport_interaction_controller.cpp.obj
[108/175] Building CXX object runtime\interaction\CMakeFiles\canvas_runtime_interaction.dir\src\viewport_constraints.cpp.obj
[109/175] Building CXX object runtime\interaction\CMakeFiles\canvas_runtime_interaction.dir\src\session_manager.cpp.obj
[110/175] Building CXX object runtime\input\CMakeFiles\canvas_runtime_input.dir\src\active_pointer_registry.cpp.obj
[111/175] Building CXX object runtime\input\CMakeFiles\canvas_runtime_input.dir\src\web_input_adapter.cpp.obj
[112/175] Building CXX object runtime\interaction\CMakeFiles\canvas_runtime_interaction.dir\src\canvas_interaction_coordinator.cpp.obj
[113/175] Building CXX object runtime\input\CMakeFiles\canvas_runtime_input.dir\src\input_router.cpp.obj
[114/175] Building CXX object runtime\interaction\CMakeFiles\canvas_runtime_interaction.dir\src\editor_history.cpp.obj
[115/175] Building CXX object runtime\input\CMakeFiles\canvas_runtime_input.dir\src\platform_interaction_ingress.cpp.obj
[116/175] Building CXX object runtime\input\CMakeFiles\canvas_runtime_input.dir\src\arc_input_adapter.cpp.obj
[117/175] Linking CXX static library runtime\input\canvas_runtime_input.lib
[118/175] Building CXX object runtime\ink\CMakeFiles\canvas_runtime_ink.dir\src\stroke_session.cpp.obj
[119/175] Linking CXX static library runtime\interaction\canvas_runtime_interaction.lib
[120/175] Building CXX object runtime\ink\CMakeFiles\canvas_runtime_ink.dir\src\pointer_trace.cpp.obj
[121/175] Building CXX object runtime\ink\CMakeFiles\canvas_runtime_ink.dir\src\brush_engine.cpp.obj
[122/175] Building CXX object runtime\ink\CMakeFiles\canvas_runtime_ink.dir\src\ink_engine.cpp.obj
[123/175] Building CXX object runtime\ink\CMakeFiles\canvas_runtime_ink.dir\src\programmable_brush.cpp.obj
[124/175] Building CXX object runtime\ink\CMakeFiles\canvas_runtime_ink.dir\src\preview_model.cpp.obj
[125/175] Building CXX object runtime\ink\CMakeFiles\canvas_runtime_ink.dir\src\arc_preview_bridge.cpp.obj
[126/175] Building CXX object runtime\ink\CMakeFiles\canvas_runtime_ink.dir\src\replay_runner.cpp.obj
[127/175] Building CXX object runtime\ink\CMakeFiles\canvas_runtime_ink.dir\src\multipointer_replay.cpp.obj
[128/175] Building CXX object runtime\ink\CMakeFiles\canvas_runtime_ink.dir\src\brush_package_catalog.cpp.obj
[129/175] Building CXX object runtime\ink\CMakeFiles\canvas_runtime_ink.dir\src\vector_path_node.cpp.obj
[130/175] Building CXX object runtime\ink\CMakeFiles\canvas_runtime_ink.dir\src\brush_execution_plan.cpp.obj
[131/175] Building CXX object runtime\ink\CMakeFiles\canvas_runtime_ink.dir\src\resolved_brush_state.cpp.obj
[132/175] Building CXX object runtime\ink\CMakeFiles\canvas_runtime_ink.dir\src\legacy_v1_readonly.cpp.obj
[133/175] Building CXX object runtime\ink\CMakeFiles\canvas_runtime_ink.dir\src\chalk_dab_evaluator.cpp.obj
[134/175] Building CXX object runtime\ink\CMakeFiles\canvas_runtime_ink.dir\src\brush_session.cpp.obj
[135/175] Building CXX object runtime\ink\CMakeFiles\canvas_runtime_ink.dir\src\brush_preview_handoff.cpp.obj
[136/175] Building CXX object runtime\ink\CMakeFiles\canvas_runtime_ink.dir\src\vector_stroke_reference.cpp.obj
[137/175] Building CXX object runtime\render\CMakeFiles\canvas_runtime_render.dir\src\editing_overlay.cpp.obj
[138/175] Building CXX object runtime\render\CMakeFiles\canvas_runtime_render.dir\src\visibility_resolver.cpp.obj
[139/175] Building CXX object runtime\render\CMakeFiles\canvas_runtime_render.dir\src\presentation_tracker.cpp.obj
[140/175] Building CXX object runtime\render\CMakeFiles\canvas_runtime_render.dir\src\frame_plan.cpp.obj
[141/175] Building CXX object runtime\render\CMakeFiles\canvas_runtime_render.dir\src\surface_lifecycle.cpp.obj
[142/175] Building CXX object runtime\render\CMakeFiles\canvas_runtime_render.dir\src\render_backend.cpp.obj
[143/175] Building CXX object runtime\render\CMakeFiles\canvas_runtime_render.dir\src\runtime_app_binding.cpp.obj
[144/175] Building CXX object runtime\ink\CMakeFiles\canvas_runtime_ink.dir\src\brush_package.cpp.obj
[145/175] Building CXX object runtime\render\CMakeFiles\canvas_runtime_render.dir\src\render_target.cpp.obj
[146/175] Building CXX object runtime\render\CMakeFiles\canvas_runtime_render.dir\src\canonical_handoff.cpp.obj
[147/175] Building CXX object runtime\render\CMakeFiles\canvas_runtime_render.dir\src\preview_surface.cpp.obj
[148/175] Linking CXX static library runtime\ink\canvas_runtime_ink.lib
[149/175] Building CXX object runtime\render\CMakeFiles\canvas_runtime_render.dir\src\direct_reference_source.cpp.obj
[150/175] Building CXX object runtime\render\CMakeFiles\canvas_runtime_render.dir\src\image_resource.cpp.obj
[151/175] Building CXX object runtime\render\CMakeFiles\canvas_runtime_render.dir\src\brush_outline_skia_path.cpp.obj
[152/175] Building CXX object runtime\render\CMakeFiles\canvas_runtime_render.dir\src\skia_text_resources.cpp.obj
[153/175] Building CXX object runtime\render\CMakeFiles\canvas_runtime_render.dir\src\skia_headless_backend.cpp.obj
[154/175] Building CXX object runtime\render\CMakeFiles\canvas_runtime_render.dir\src\skia_surface_provider.cpp.obj
[155/175] Building CXX object runtime\render\CMakeFiles\canvas_runtime_render.dir\src\skia_ink_backend.cpp.obj
[156/175] Building CXX object runtime\render\CMakeFiles\canvas_runtime_render.dir\src\skia_brush_renderer.cpp.obj
[157/175] Building CXX object runtime\render\CMakeFiles\canvas_runtime_render.dir\src\skia_scene_renderer.cpp.obj
[158/175] Building CXX object runtime\render\CMakeFiles\canvas_runtime_render.dir\src\skia_renderer.cpp.obj
[159/175] Linking CXX static library runtime\render\canvas_runtime_render.lib
[160/175] Generating generated/g47/g47_cjk_font.hpp
[161/175] Generating generated/g47/g47_latin_font.hpp
[162/175] Building CXX object apps\ink_playground\CMakeFiles\axiom_ink_playground_common.dir\platform\apple\apple_input_adapter.cpp.obj
[163/175] Building CXX object apps\ink_playground\CMakeFiles\axiom_ink_playground_common.dir\common\platform_contract.cpp.obj
[164/175] Building CXX object apps\ink_playground\CMakeFiles\axiom_ink_playground_common.dir\common\brush_commit_adapter.cpp.obj
[165/175] Building CXX object apps\ink_playground\CMakeFiles\axiom_ink_playground_common.dir\common\canvas_control_binding.cpp.obj
[166/175] Building CXX object apps\ink_playground\CMakeFiles\axiom_ink_playground_common.dir\common\text_qualification_resources.cpp.obj
[167/175] Building CXX object apps\ink_playground\CMakeFiles\axiom_ink_playground_common.dir\common\canvas_runtime_facade_adapter.cpp.obj
[168/175] Building CXX object apps\ink_playground\CMakeFiles\axiom_ink_playground_common.dir\common\platform_interaction_controller.cpp.obj
[169/175] Building CXX object apps\ink_playground\CMakeFiles\axiom_ink_playground_windows.dir\platform\windows\windows_smoke_evidence.cpp.obj
[170/175] Building CXX object apps\ink_playground\CMakeFiles\axiom_ink_playground_common.dir\common\platform_brush_baseline_observation.cpp.obj
[171/175] Building CXX object apps\ink_playground\CMakeFiles\axiom_ink_playground_windows.dir\platform\windows\windows_d3d12_skia_surface_provider.cpp.obj
[172/175] Building CXX object apps\ink_playground\CMakeFiles\axiom_ink_playground_common.dir\common\ink_playground_host.cpp.obj
[173/175] Linking CXX static library apps\ink_playground\axiom_ink_playground_common.lib
[174/175] Building CXX object apps\ink_playground\CMakeFiles\axiom_ink_playground_windows.dir\platform\windows\main.cpp.obj
[175/175] Linking CXX executable apps\ink_playground\axiom_ink_playground_windows.exe
