FILE apps/ink_playground/tests/windows_imgui_skia_debug_ui_contract_test.py
PASS test_common_controller_only_submits_to_runtime_and_platform_owner
PASS test_common_renderer_consumes_draw_data_and_skia_surface
PASS test_common_workbench_owns_shell_and_workspace_navigation
PASS test_compatibility_entrypoint_renders_final_builtin_workbench_without_legacy_body
PASS test_controller_single_capture_orchestration_and_retired_taxonomy
PASS test_final_panels_keep_unsupported_boundaries_and_snapshot_readback
PASS test_generic_debug_ui_command_queue_is_retired_but_owner_queues_remain
PASS test_overlay_does_not_reenter_imgui_render_from_paint_messages
PASS test_overlay_input_rebuilds_common_imgui_frame_before_blit
PASS test_overlay_rebuilds_frame_before_using_capture_state
PASS test_overlay_refreshes_snapshot_before_panel_render
PASS test_overlay_uses_one_imgui_new_frame_per_render_pass
PASS test_playground_exposes_generation_fenced_canonical_profile_switch
PASS test_router_accepts_semantic_pan_without_legacy_presentation_ids
PASS test_runtime_facade_is_owned_by_runtime_and_has_no_debug_ui_dependency
PASS test_skia_imgui_renderer_uses_viewer_font_alpha_and_modulate_path
PASS test_skia_imgui_renderer_uses_white_font_paint_with_a8_atlas
PASS test_surface_control_is_an_owner_interface_with_target_and_expected_generation
PASS test_windows_activity_log_and_router_refresh_before_publish
PASS test_windows_composition_root_implements_platform_owner_and_runtime_facade
PASS test_windows_composition_root_shares_input_capture_gate_with_debug_host
PASS test_windows_host_does_not_own_surface_mode_truth
PASS test_windows_host_sets_viewport_and_frame_time_before_new_frame
PASS test_windows_host_uses_common_imgui_frame_pipeline
PASS test_windows_timer_does_not_rasterize_debug_overlay_during_active_stroke
PASS test_windows_uses_common_snapshot_assembler_without_local_mapping
FILE apps/ink_playground/tests/windows_debug_ui_selection_contract_test.py
PASS test_debug_ui_uses_control_and_inspect_panels_for_selection
PASS test_selection_click_is_separate_from_brush_pointer_path
PASS test_selection_pointer_state_is_terminally_cleared_and_facade_syncs_tool_state
FILE apps/ink_playground/tests/web_imgui_debug_ui_contract_test.py
PASS test_web_debug_ui_does_not_replace_canvas_or_arc_surfaces
PASS test_web_debug_ui_forwards_uncaptured_pointer_and_maps_named_keys
PASS test_web_debug_ui_has_independent_imgui_surface_and_toggle
PASS test_web_debug_ui_owns_common_activity_log_and_router
PASS test_web_debug_ui_requests_host_render_after_product_control_input
TOTAL 34 FAILED 0
