MSBuild version 18.6.3+84d3e95b4 for .NET Framework

  Checking File Globs
  1>Checking Build System
  Scanning sources for module dependencies...
  canvas_g2_a5_spatial_index_differential_test.vcxproj -> D:\GitRepos\mostorm-labs\canvas\build-windows-real\runtime\scene\tests\RelWithDebInfo\canvas_g2_a5_spatial_index_differential_test.exe
  Run GT-G2-00-A5 P36 spatial differential oracle
  1>Generating generated/auditoryworks/axiom/v1/brush_engine.pb.cc, generated/auditoryworks/axiom/v1/brush_stroke.pb.cc, generated/auditoryworks/axiom/v1/common.pb.cc, generated/auditoryworks/axiom/v1/connector.pb.cc, generated/auditoryworks/axiom/v1/erase_mask.pb.cc, generated/auditoryworks/axiom/v1/geometry.pb.cc, generated/auditoryworks/axiom/v1/object.pb.cc, generated/auditoryworks/axiom/v1/operation.pb.cc, generated/auditoryworks/axiom/v1/paint.pb.cc, generated/auditoryworks/axiom/v1/property.pb.cc, generated/auditoryworks/axiom/v1/rich_text.pb.cc, generated/auditoryworks/axiom/v1/snapshot.pb.cc, generated/auditoryworks/axiom/v1/vector_path.pb.cc, generated/auditoryworks/axiom/v1/brush_engine.pb.h, generated/auditoryworks/axiom/v1/brush_stroke.pb.h, generated/auditoryworks/axiom/v1/common.pb.h, generated/auditoryworks/axiom/v1/connector.pb.h, generated/auditoryworks/axiom/v1/erase_mask.pb.h, generated/auditoryworks/axiom/v1/geometry.pb.h, generated/auditoryworks/axiom/v1/object.pb.h, generated/auditoryworks/axiom/v1/operation.pb.h, generated/auditoryworks/axiom/v1/paint.pb.h, generated/auditoryworks/axiom/v1/property.pb.h, generated/auditoryworks/axiom/v1/rich_text.pb.h, generated/auditoryworks/axiom/v1/snapshot.pb.h, generated/auditoryworks/axiom/v1/vector_path.pb.h
  Building Custom Rule D:/GitRepos/mostorm-labs/canvas/runtime/semantic/CMakeLists.txt
  Scanning sources for module dependencies...
  connector.pb.cc
  erase_mask.pb.cc
  brush_stroke.pb.cc
  paint.pb.cc
  protobuf_object_mapping.cpp
  brush_engine.pb.cc
  geometry.pb.cc
  codec.cpp
  operation.pb.cc
  object.pb.cc
  snapshot.cpp
  common.pb.cc
  property.pb.cc
  snapshot.pb.cc
  rich_text.pb.cc
  vector_path.pb.cc
  Compiling...
  codec.cpp
  protobuf_object_mapping.cpp
  geometry.pb.cc
  brush_stroke.pb.cc
  brush_engine.pb.cc
  snapshot.cpp
  connector.pb.cc
  common.pb.cc
  erase_mask.pb.cc
  operation.pb.cc
  object.pb.cc
  paint.pb.cc
  property.pb.cc
  snapshot.pb.cc
  rich_text.pb.cc
  vector_path.pb.cc
  canvas_runtime_semantic.vcxproj -> D:\GitRepos\mostorm-labs\canvas\build-windows-real\runtime\semantic\RelWithDebInfo\canvas_runtime_semantic.lib
  Scanning sources for module dependencies...
  canvas_runtime_text.vcxproj -> D:\GitRepos\mostorm-labs\canvas\build-windows-real\runtime\text\RelWithDebInfo\canvas_runtime_text.lib
  Scanning sources for module dependencies...
  canvas_runtime_scene.vcxproj -> D:\GitRepos\mostorm-labs\canvas\build-windows-real\runtime\scene\RelWithDebInfo\canvas_runtime_scene.lib
  Scanning sources for module dependencies...
  text_layout_test.cpp
  Compiling...
  text_layout_test.cpp
  axiom_text_layout_tests.vcxproj -> D:\GitRepos\mostorm-labs\canvas\build-windows-real\runtime\text\RelWithDebInfo\axiom_text_layout_tests.exe
