[axiom] present begin frame=1 objects=128 scene_records=128
[axiom] present begin frame=2 objects=128 scene_records=128
[axiom] present begin frame=3 objects=128 scene_records=128
[axiom] present begin frame=4 objects=128 scene_records=128
[axiom] present begin frame=5 objects=128 scene_records=128
[axiom] present begin frame=6 objects=128 scene_records=128
[axiom] present begin frame=7 objects=128 scene_records=128
[axiom] present begin frame=8 objects=128 scene_records=128
[axiom] present begin frame=9 objects=128 scene_records=128
[axiom] present begin frame=10 objects=128 scene_records=128
[axiom] present begin frame=11 objects=128 scene_records=128
[axiom] present begin frame=12 objects=128 scene_records=128
[axiom] present begin frame=1 objects=128 scene_records=128
[axiom] present begin frame=2 objects=128 scene_records=128
[axiom] present begin frame=3 objects=128 scene_records=128
[axiom] present begin frame=4 objects=128 scene_records=128
[axiom] present begin frame=5 objects=128 scene_records=128
[axiom] present begin frame=6 objects=128 scene_records=128
[axiom] present begin frame=7 objects=128 scene_records=128
[axiom] present begin frame=8 objects=128 scene_records=128
[axiom] present begin frame=9 objects=128 scene_records=128
[axiom] present begin frame=10 objects=128 scene_records=128
[axiom] present begin frame=11 objects=128 scene_records=128
[axiom] present begin frame=12 objects=128 scene_records=128
[axiom] present begin frame=1 objects=16 scene_records=16
[axiom] present begin frame=2 objects=16 scene_records=16
[axiom] present begin frame=3 objects=16 scene_records=16
[axiom] present begin frame=4 objects=16 scene_records=16
[axiom] present begin frame=5 objects=16 scene_records=16
[axiom] present begin frame=6 objects=16 scene_records=16
[axiom] present begin frame=7 objects=16 scene_records=16
[axiom] present begin frame=8 objects=16 scene_records=16
[axiom] present begin frame=9 objects=16 scene_records=16
[axiom] present begin frame=10 objects=16 scene_records=16
[axiom] present begin frame=11 objects=16 scene_records=16
[axiom] present begin frame=12 objects=16 scene_records=16
[axiom] present begin frame=1 objects=16 scene_records=16
[axiom] present begin frame=2 objects=16 scene_records=16
[axiom] present begin frame=3 objects=16 scene_records=16
[axiom] present begin frame=4 objects=16 scene_records=16
[axiom] present begin frame=5 objects=16 scene_records=16
[axiom] present begin frame=6 objects=16 scene_records=16
[axiom] present begin frame=7 objects=16 scene_records=16
[axiom] present begin frame=8 objects=16 scene_records=16
[axiom] present begin frame=9 objects=16 scene_records=16
[axiom] present begin frame=10 objects=16 scene_records=16
[axiom] present begin frame=11 objects=16 scene_records=16
[axiom] present begin frame=12 objects=16 scene_records=16
[axiom] present begin frame=1 objects=128 scene_records=128
[axiom] present begin frame=2 objects=128 scene_records=128
[axiom] present begin frame=3 objects=128 scene_records=128
[axiom] present begin frame=4 objects=128 scene_records=128
[axiom] present begin frame=5 objects=128 scene_records=128
[axiom] present begin frame=6 objects=128 scene_records=128
[axiom] present begin frame=7 objects=128 scene_records=128
[axiom] present begin frame=8 objects=128 scene_records=128
[axiom] present begin frame=9 objects=128 scene_records=128
[axiom] present begin frame=10 objects=128 scene_records=128
[axiom] present begin frame=11 objects=128 scene_records=128
[axiom] present begin frame=12 objects=128 scene_records=128
[axiom] present begin frame=1 objects=128 scene_records=128
[axiom] present begin frame=2 objects=128 scene_records=128
[axiom] present begin frame=3 objects=128 scene_records=128
[axiom] present begin frame=4 objects=128 scene_records=128
[axiom] present begin frame=5 objects=128 scene_records=128
[axiom] present begin frame=6 objects=128 scene_records=128
[axiom] present begin frame=7 objects=128 scene_records=128
[axiom] present begin frame=8 objects=128 scene_records=128
[axiom] present begin frame=9 objects=128 scene_records=128
[axiom] present begin frame=10 objects=128 scene_records=128
[axiom] present begin frame=11 objects=128 scene_records=128
[axiom] present begin frame=12 objects=128 scene_records=128
[axiom] present begin frame=1 objects=128 scene_records=128
[axiom] present begin frame=2 objects=128 scene_records=128
[axiom] present begin frame=3 objects=128 scene_records=128
[axiom] present begin frame=4 objects=128 scene_records=128
[axiom] present begin frame=5 objects=128 scene_records=128
[axiom] present begin frame=6 objects=128 scene_records=128
[axiom] present begin frame=7 objects=128 scene_records=128
[axiom] present begin frame=8 objects=128 scene_records=128
[axiom] present begin frame=9 objects=128 scene_records=128
[axiom] present begin frame=10 objects=128 scene_records=128
[axiom] present begin frame=11 objects=128 scene_records=128
[axiom] present begin frame=12 objects=128 scene_records=128
[axiom] present begin frame=1 objects=128 scene_records=128
[axiom] present begin frame=2 objects=128 scene_records=128
[axiom] present begin frame=3 objects=128 scene_records=128
[axiom] present begin frame=4 objects=128 scene_records=128
[axiom] present begin frame=5 objects=128 scene_records=128
[axiom] present begin frame=6 objects=128 scene_records=128
[axiom] present begin frame=7 objects=128 scene_records=128
[axiom] present begin frame=8 objects=128 scene_records=128
[axiom] present begin frame=9 objects=128 scene_records=128
[axiom] present begin frame=10 objects=128 scene_records=128
[axiom] present begin frame=11 objects=128 scene_records=128
[axiom] present begin frame=12 objects=128 scene_records=128
[axiom] present begin frame=1 objects=128 scene_records=128
[axiom] present begin frame=2 objects=128 scene_records=128
[axiom] present begin frame=3 objects=128 scene_records=128
[axiom] present begin frame=4 objects=128 scene_records=128
[axiom] present begin frame=5 objects=128 scene_records=128
[axiom] present begin frame=6 objects=128 scene_records=128
[axiom] present begin frame=7 objects=128 scene_records=128
[axiom] present begin frame=8 objects=128 scene_records=128
[axiom] present begin frame=9 objects=128 scene_records=128
[axiom] present begin frame=10 objects=128 scene_records=128
[axiom] present begin frame=11 objects=128 scene_records=128
[axiom] present begin frame=12 objects=128 scene_records=128
[axiom] present begin frame=1 objects=128 scene_records=128
[axiom] present begin frame=2 objects=128 scene_records=128
[axiom] present begin frame=3 objects=128 scene_records=128
[axiom] present begin frame=4 objects=128 scene_records=128
[axiom] present begin frame=5 objects=128 scene_records=128
[axiom] present begin frame=6 objects=128 scene_records=128
[axiom] present begin frame=7 objects=128 scene_records=128
[axiom] present begin frame=8 objects=128 scene_records=128
[axiom] present begin frame=9 objects=128 scene_records=128
[axiom] present begin frame=10 objects=128 scene_records=128
[axiom] present begin frame=11 objects=128 scene_records=128
[axiom] present begin frame=12 objects=128 scene_records=128
[axiom] present begin frame=1 objects=128 scene_records=128
[axiom] present begin frame=2 objects=128 scene_records=128
[axiom] present begin frame=3 objects=128 scene_records=128
[axiom] present begin frame=4 objects=128 scene_records=128
[axiom] present begin frame=5 objects=128 scene_records=128
[axiom] present begin frame=6 objects=128 scene_records=128
[axiom] present begin frame=7 objects=128 scene_records=128
[axiom] present begin frame=8 objects=128 scene_records=128
[axiom] present begin frame=9 objects=128 scene_records=128
[axiom] present begin frame=10 objects=128 scene_records=128
[axiom] present begin frame=11 objects=128 scene_records=128
[axiom] present begin frame=12 objects=128 scene_records=128
[axiom] present begin frame=1 objects=128 scene_records=128
[axiom] present begin frame=2 objects=128 scene_records=128
[axiom] present begin frame=3 objects=128 scene_records=128
[axiom] present begin frame=4 objects=128 scene_records=128
[axiom] present begin frame=5 objects=128 scene_records=128
[axiom] present begin frame=6 objects=128 scene_records=128
[axiom] present begin frame=7 objects=128 scene_records=128
[axiom] present begin frame=8 objects=128 scene_records=128
[axiom] present begin frame=9 objects=128 scene_records=128
[axiom] present begin frame=10 objects=128 scene_records=128
[axiom] present begin frame=11 objects=128 scene_records=128
[axiom] present begin frame=12 objects=128 scene_records=128
[axiom] present begin frame=1 objects=128 scene_records=128
[axiom] present begin frame=2 objects=128 scene_records=128
[axiom] present begin frame=3 objects=128 scene_records=128
[axiom] present begin frame=4 objects=128 scene_records=128
[axiom] present begin frame=5 objects=128 scene_records=128
[axiom] present begin frame=6 objects=128 scene_records=128
[axiom] present begin frame=7 objects=128 scene_records=128
[axiom] present begin frame=8 objects=128 scene_records=128
[axiom] present begin frame=9 objects=128 scene_records=128
[axiom] present begin frame=10 objects=128 scene_records=128
[axiom] present begin frame=11 objects=128 scene_records=128
[axiom] present begin frame=12 objects=128 scene_records=128
[axiom] present begin frame=13 objects=128 scene_records=128
[axiom] present begin frame=1 objects=128 scene_records=128
[axiom] present begin frame=2 objects=128 scene_records=128
[axiom] present begin frame=3 objects=128 scene_records=128
[axiom] present begin frame=4 objects=128 scene_records=128
[axiom] present begin frame=5 objects=128 scene_records=128
[axiom] present begin frame=6 objects=128 scene_records=128
[axiom] present begin frame=7 objects=128 scene_records=128
[axiom] present begin frame=8 objects=128 scene_records=128
[axiom] present begin frame=9 objects=128 scene_records=128
[axiom] present begin frame=10 objects=128 scene_records=128
[axiom] present begin frame=11 objects=128 scene_records=128
[axiom] present begin frame=12 objects=128 scene_records=128
[axiom] present begin frame=13 objects=128 scene_records=128
[axiom] present begin frame=1 objects=100000 scene_records=100000
[axiom] present begin frame=2 objects=100000 scene_records=100000
[axiom] present begin frame=3 objects=100000 scene_records=100000
[axiom] present begin frame=4 objects=100000 scene_records=100000
[axiom] present begin frame=5 objects=100000 scene_records=100000
[axiom] present begin frame=6 objects=100000 scene_records=100000
[axiom] present begin frame=7 objects=100000 scene_records=100000
[axiom] present begin frame=8 objects=100000 scene_records=100000
[axiom] present begin frame=9 objects=100000 scene_records=100000
[axiom] present begin frame=10 objects=100000 scene_records=100000
[axiom] present begin frame=11 objects=100000 scene_records=100000
[axiom] present begin frame=12 objects=100000 scene_records=100000
[axiom] present begin frame=1 objects=100000 scene_records=100000
[axiom] present begin frame=2 objects=100000 scene_records=100000
[axiom] present begin frame=3 objects=100000 scene_records=100000
[axiom] present begin frame=4 objects=100000 scene_records=100000
[axiom] present begin frame=5 objects=100000 scene_records=100000
[axiom] present begin frame=6 objects=100000 scene_records=100000
[axiom] present begin frame=7 objects=100000 scene_records=100000
[axiom] present begin frame=8 objects=100000 scene_records=100000
[axiom] present begin frame=9 objects=100000 scene_records=100000
[axiom] present begin frame=10 objects=100000 scene_records=100000
[axiom] present begin frame=11 objects=100000 scene_records=100000
[axiom] present begin frame=12 objects=100000 scene_records=100000
text-many-small replay PASS count=128
text-long replay PASS count=16
text-style-mixed replay PASS count=128
text-edit-local replay PASS count=128
text-font-cold-warm replay PASS count=128
text-transform replay PASS count=128
text-camera replay PASS count=128
structured-grid-proxy replay PASS count=50000
