MSBuild version 18.6.3+84d3e95b4 for .NET Framework

  Checking File Globs
  1>Checking Build System
  Scanning sources for module dependencies...
  canvas_runtime_input.vcxproj -> D:\GitRepos\mostorm-labs\canvas\build-windows-real\runtime\input\RelWithDebInfo\canvas_runtime_input.lib
  Scanning sources for module dependencies...
  Scanning sources for module dependencies...
  Scanning sources for module dependencies...
  canvas_runtime_ink.vcxproj -> D:\GitRepos\mostorm-labs\canvas\build-windows-real\runtime\ink\RelWithDebInfo\canvas_runtime_ink.lib
  arc_core.vcxproj -> D:\GitRepos\mostorm-labs\canvas\build-windows-real\arc\RelWithDebInfo\arc_core.lib
  canvas_debug_ui.vcxproj -> D:\GitRepos\mostorm-labs\canvas\build-windows-real\debug_ui\RelWithDebInfo\canvas_debug_ui.lib
  Scanning sources for module dependencies...
  1>Generating generated/auditoryworks/axiom/v1/brush_engine.pb.cc, generated/auditoryworks/axiom/v1/brush_stroke.pb.cc, generated/auditoryworks/axiom/v1/common.pb.cc, generated/auditoryworks/axiom/v1/connector.pb.cc, generated/auditoryworks/axiom/v1/erase_mask.pb.cc, generated/auditoryworks/axiom/v1/geometry.pb.cc, generated/auditoryworks/axiom/v1/object.pb.cc, generated/auditoryworks/axiom/v1/operation.pb.cc, generated/auditoryworks/axiom/v1/paint.pb.cc, generated/auditoryworks/axiom/v1/property.pb.cc, generated/auditoryworks/axiom/v1/rich_text.pb.cc, generated/auditoryworks/axiom/v1/snapshot.pb.cc, generated/auditoryworks/axiom/v1/vector_path.pb.cc, generated/auditoryworks/axiom/v1/brush_engine.pb.h, generated/auditoryworks/axiom/v1/brush_stroke.pb.h, generated/auditoryworks/axiom/v1/common.pb.h, generated/auditoryworks/axiom/v1/connector.pb.h, generated/auditoryworks/axiom/v1/erase_mask.pb.h, generated/auditoryworks/axiom/v1/geometry.pb.h, generated/auditoryworks/axiom/v1/object.pb.h, generated/auditoryworks/axiom/v1/operation.pb.h, generated/auditoryworks/axiom/v1/paint.pb.h, generated/auditoryworks/axiom/v1/property.pb.h, generated/auditoryworks/axiom/v1/rich_text.pb.h, generated/auditoryworks/axiom/v1/snapshot.pb.h, generated/auditoryworks/axiom/v1/vector_path.pb.h
  1>
  canvas_g2_a5_spatial_index_differential_test.vcxproj -> D:\GitRepos\mostorm-labs\canvas\build-windows-real\runtime\scene\tests\RelWithDebInfo\canvas_g2_a5_spatial_index_differential_test.exe
  Run GT-G2-00-A5 P36 spatial differential oracle
  Scanning sources for module dependencies...
  arc_Windows.vcxproj -> D:\GitRepos\mostorm-labs\canvas\build-windows-real\arc\RelWithDebInfo\arc_Windows.lib
  Building Custom Rule D:/GitRepos/mostorm-labs/canvas/runtime/semantic/CMakeLists.txt
  Scanning sources for module dependencies...
  protobuf_object_mapping.cpp
  connector.pb.cc
  brush_stroke.pb.cc
  codec.cpp
  object.pb.cc
  erase_mask.pb.cc
  common.pb.cc
  operation.pb.cc
  snapshot.cpp
  paint.pb.cc
  brush_engine.pb.cc
  geometry.pb.cc
  property.pb.cc
  rich_text.pb.cc
  vector_path.pb.cc
  snapshot.pb.cc
  Compiling...
  protobuf_object_mapping.cpp
  paint.pb.cc
  operation.pb.cc
  brush_stroke.pb.cc
  brush_engine.pb.cc
  common.pb.cc
  connector.pb.cc
  codec.cpp
  geometry.pb.cc
  erase_mask.pb.cc
  snapshot.cpp
  object.pb.cc
  property.pb.cc
  snapshot.pb.cc
  rich_text.pb.cc
  vector_path.pb.cc
  canvas_runtime_semantic.vcxproj -> D:\GitRepos\mostorm-labs\canvas\build-windows-real\runtime\semantic\RelWithDebInfo\canvas_runtime_semantic.lib
  Scanning sources for module dependencies...
  Scanning sources for module dependencies...
  canvas_runtime_interaction.vcxproj -> D:\GitRepos\mostorm-labs\canvas\build-windows-real\runtime\interaction\RelWithDebInfo\canvas_runtime_interaction.lib
  canvas_runtime_scene.vcxproj -> D:\GitRepos\mostorm-labs\canvas\build-windows-real\runtime\scene\RelWithDebInfo\canvas_runtime_scene.lib
  Scanning sources for module dependencies...
  canvas_runtime_render.vcxproj -> D:\GitRepos\mostorm-labs\canvas\build-windows-real\runtime\render\RelWithDebInfo\canvas_runtime_render.lib
  Scanning sources for module dependencies...
  axiom_ink_playground_common.vcxproj -> D:\GitRepos\mostorm-labs\canvas\build-windows-real\apps\ink_playground\RelWithDebInfo\axiom_ink_playground_common.lib
  Scanning sources for module dependencies...
  axiom_ink_playground_windows.vcxproj -> D:\GitRepos\mostorm-labs\canvas\build-windows-real\apps\ink_playground\RelWithDebInfo\axiom_ink_playground_windows.exe
MSBuild version 18.6.3+84d3e95b4 for .NET Framework

  Checking File Globs
  1>Checking Build System
  1>
  Scanning sources for module dependencies...
  Scanning sources for module dependencies...
  1>Generating generated/auditoryworks/axiom/v1/brush_engine.pb.cc, generated/auditoryworks/axiom/v1/brush_stroke.pb.cc, generated/auditoryworks/axiom/v1/common.pb.cc, generated/auditoryworks/axiom/v1/connector.pb.cc, generated/auditoryworks/axiom/v1/erase_mask.pb.cc, generated/auditoryworks/axiom/v1/geometry.pb.cc, generated/auditoryworks/axiom/v1/object.pb.cc, generated/auditoryworks/axiom/v1/operation.pb.cc, generated/auditoryworks/axiom/v1/paint.pb.cc, generated/auditoryworks/axiom/v1/property.pb.cc, generated/auditoryworks/axiom/v1/rich_text.pb.cc, generated/auditoryworks/axiom/v1/snapshot.pb.cc, generated/auditoryworks/axiom/v1/vector_path.pb.cc, generated/auditoryworks/axiom/v1/brush_engine.pb.h, generated/auditoryworks/axiom/v1/brush_stroke.pb.h, generated/auditoryworks/axiom/v1/common.pb.h, generated/auditoryworks/axiom/v1/connector.pb.h, generated/auditoryworks/axiom/v1/erase_mask.pb.h, generated/auditoryworks/axiom/v1/geometry.pb.h, generated/auditoryworks/axiom/v1/object.pb.h, generated/auditoryworks/axiom/v1/operation.pb.h, generated/auditoryworks/axiom/v1/paint.pb.h, generated/auditoryworks/axiom/v1/property.pb.h, generated/auditoryworks/axiom/v1/rich_text.pb.h, generated/auditoryworks/axiom/v1/snapshot.pb.h, generated/auditoryworks/axiom/v1/vector_path.pb.h
  canvas_runtime_input.vcxproj -> D:\GitRepos\mostorm-labs\canvas\build-windows-real\runtime\input\RelWithDebInfo\canvas_runtime_input.lib
  canvas_g2_a5_spatial_index_differential_test.vcxproj -> D:\GitRepos\mostorm-labs\canvas\build-windows-real\runtime\scene\tests\RelWithDebInfo\canvas_g2_a5_spatial_index_differential_test.exe
  Run GT-G2-00-A5 P36 spatial differential oracle
  Building Custom Rule D:/GitRepos/mostorm-labs/canvas/runtime/semantic/CMakeLists.txt
  Scanning sources for module dependencies...
  Scanning sources for module dependencies...
  canvas_runtime_ink.vcxproj -> D:\GitRepos\mostorm-labs\canvas\build-windows-real\runtime\ink\RelWithDebInfo\canvas_runtime_ink.lib
  common.pb.cc
  brush_stroke.pb.cc
  snapshot.cpp
  codec.cpp
  geometry.pb.cc
  connector.pb.cc
  brush_engine.pb.cc
  object.pb.cc
  paint.pb.cc
  erase_mask.pb.cc
  protobuf_object_mapping.cpp
  operation.pb.cc
  property.pb.cc
  snapshot.pb.cc
  rich_text.pb.cc
  vector_path.pb.cc
  Compiling...
  connector.pb.cc
  codec.cpp
  brush_engine.pb.cc
  operation.pb.cc
  erase_mask.pb.cc
  object.pb.cc
  common.pb.cc
  snapshot.cpp
  geometry.pb.cc
  brush_stroke.pb.cc
  paint.pb.cc
  protobuf_object_mapping.cpp
  property.pb.cc
  snapshot.pb.cc
  rich_text.pb.cc
  vector_path.pb.cc
  canvas_runtime_semantic.vcxproj -> D:\GitRepos\mostorm-labs\canvas\build-windows-real\runtime\semantic\RelWithDebInfo\canvas_runtime_semantic.lib
  Scanning sources for module dependencies...
  canvas_runtime_interaction.vcxproj -> D:\GitRepos\mostorm-labs\canvas\build-windows-real\runtime\interaction\RelWithDebInfo\canvas_runtime_interaction.lib
  Scanning sources for module dependencies...
  canvas_runtime_scene.vcxproj -> D:\GitRepos\mostorm-labs\canvas\build-windows-real\runtime\scene\RelWithDebInfo\canvas_runtime_scene.lib
  Scanning sources for module dependencies...
  canvas_runtime_render.vcxproj -> D:\GitRepos\mostorm-labs\canvas\build-windows-real\runtime\render\RelWithDebInfo\canvas_runtime_render.lib
  Scanning sources for module dependencies...
  axiom_ink_playground_common.vcxproj -> D:\GitRepos\mostorm-labs\canvas\build-windows-real\apps\ink_playground\RelWithDebInfo\axiom_ink_playground_common.lib
  Scanning sources for module dependencies...
  axiom_playground_transform_tests.vcxproj -> D:\GitRepos\mostorm-labs\canvas\build-windows-real\apps\ink_playground\RelWithDebInfo\axiom_playground_transform_tests.exe
MSBuild version 18.6.3+84d3e95b4 for .NET Framework

  Checking File Globs
  1>Checking Build System
  Scanning sources for module dependencies...
  1>Generating generated/auditoryworks/axiom/v1/brush_engine.pb.cc, generated/auditoryworks/axiom/v1/brush_stroke.pb.cc, generated/auditoryworks/axiom/v1/common.pb.cc, generated/auditoryworks/axiom/v1/connector.pb.cc, generated/auditoryworks/axiom/v1/erase_mask.pb.cc, generated/auditoryworks/axiom/v1/geometry.pb.cc, generated/auditoryworks/axiom/v1/object.pb.cc, generated/auditoryworks/axiom/v1/operation.pb.cc, generated/auditoryworks/axiom/v1/paint.pb.cc, generated/auditoryworks/axiom/v1/property.pb.cc, generated/auditoryworks/axiom/v1/rich_text.pb.cc, generated/auditoryworks/axiom/v1/snapshot.pb.cc, generated/auditoryworks/axiom/v1/vector_path.pb.cc, generated/auditoryworks/axiom/v1/brush_engine.pb.h, generated/auditoryworks/axiom/v1/brush_stroke.pb.h, generated/auditoryworks/axiom/v1/common.pb.h, generated/auditoryworks/axiom/v1/connector.pb.h, generated/auditoryworks/axiom/v1/erase_mask.pb.h, generated/auditoryworks/axiom/v1/geometry.pb.h, generated/auditoryworks/axiom/v1/object.pb.h, generated/auditoryworks/axiom/v1/operation.pb.h, generated/auditoryworks/axiom/v1/paint.pb.h, generated/auditoryworks/axiom/v1/property.pb.h, generated/auditoryworks/axiom/v1/rich_text.pb.h, generated/auditoryworks/axiom/v1/snapshot.pb.h, generated/auditoryworks/axiom/v1/vector_path.pb.h
  canvas_runtime_input.vcxproj -> D:\GitRepos\mostorm-labs\canvas\build-windows-real\runtime\input\RelWithDebInfo\canvas_runtime_input.lib
  Building Custom Rule D:/GitRepos/mostorm-labs/canvas/runtime/semantic/CMakeLists.txt
  Scanning sources for module dependencies...
  snapshot.cpp
  protobuf_object_mapping.cpp
  paint.pb.cc
  operation.pb.cc
  brush_stroke.pb.cc
  brush_engine.pb.cc
  object.pb.cc
  common.pb.cc
  erase_mask.pb.cc
  geometry.pb.cc
  codec.cpp
  connector.pb.cc
  rich_text.pb.cc
  property.pb.cc
  snapshot.pb.cc
  vector_path.pb.cc
  Compiling...
  codec.cpp
  connector.pb.cc
  paint.pb.cc
  snapshot.cpp
  brush_engine.pb.cc
  operation.pb.cc
  object.pb.cc
  geometry.pb.cc
  protobuf_object_mapping.cpp
  common.pb.cc
  brush_stroke.pb.cc
  erase_mask.pb.cc
  property.pb.cc
  vector_path.pb.cc
  snapshot.pb.cc
  rich_text.pb.cc
  canvas_runtime_semantic.vcxproj -> D:\GitRepos\mostorm-labs\canvas\build-windows-real\runtime\semantic\RelWithDebInfo\canvas_runtime_semantic.lib
  Scanning sources for module dependencies...
  canvas_runtime_interaction.vcxproj -> D:\GitRepos\mostorm-labs\canvas\build-windows-real\runtime\interaction\RelWithDebInfo\canvas_runtime_interaction.lib
  Scanning sources for module dependencies...
  axiom_g46_viewport_constraints_tests.vcxproj -> D:\GitRepos\mostorm-labs\canvas\build-windows-real\runtime\interaction\RelWithDebInfo\axiom_g46_viewport_constraints_tests.exe
MSBuild version 18.6.3+84d3e95b4 for .NET Framework

  Checking File Globs
  1>Checking Build System
  1>Generating generated/auditoryworks/axiom/v1/brush_engine.pb.cc, generated/auditoryworks/axiom/v1/brush_stroke.pb.cc, generated/auditoryworks/axiom/v1/common.pb.cc, generated/auditoryworks/axiom/v1/connector.pb.cc, generated/auditoryworks/axiom/v1/erase_mask.pb.cc, generated/auditoryworks/axiom/v1/geometry.pb.cc, generated/auditoryworks/axiom/v1/object.pb.cc, generated/auditoryworks/axiom/v1/operation.pb.cc, generated/auditoryworks/axiom/v1/paint.pb.cc, generated/auditoryworks/axiom/v1/property.pb.cc, generated/auditoryworks/axiom/v1/rich_text.pb.cc, generated/auditoryworks/axiom/v1/snapshot.pb.cc, generated/auditoryworks/axiom/v1/vector_path.pb.cc, generated/auditoryworks/axiom/v1/brush_engine.pb.h, generated/auditoryworks/axiom/v1/brush_stroke.pb.h, generated/auditoryworks/axiom/v1/common.pb.h, generated/auditoryworks/axiom/v1/connector.pb.h, generated/auditoryworks/axiom/v1/erase_mask.pb.h, generated/auditoryworks/axiom/v1/geometry.pb.h, generated/auditoryworks/axiom/v1/object.pb.h, generated/auditoryworks/axiom/v1/operation.pb.h, generated/auditoryworks/axiom/v1/paint.pb.h, generated/auditoryworks/axiom/v1/property.pb.h, generated/auditoryworks/axiom/v1/rich_text.pb.h, generated/auditoryworks/axiom/v1/snapshot.pb.h, generated/auditoryworks/axiom/v1/vector_path.pb.h
  1>
  Building Custom Rule D:/GitRepos/mostorm-labs/canvas/runtime/semantic/CMakeLists.txt
  Scanning sources for module dependencies...
  Scanning sources for module dependencies...
  canvas_runtime_input.vcxproj -> D:\GitRepos\mostorm-labs\canvas\build-windows-real\runtime\input\RelWithDebInfo\canvas_runtime_input.lib
  canvas_g2_a5_spatial_index_differential_test.vcxproj -> D:\GitRepos\mostorm-labs\canvas\build-windows-real\runtime\scene\tests\RelWithDebInfo\canvas_g2_a5_spatial_index_differential_test.exe
  Scanning sources for module dependencies...
  Run GT-G2-00-A5 P36 spatial differential oracle
  snapshot.cpp
  protobuf_object_mapping.cpp
  brush_engine.pb.cc
  erase_mask.pb.cc
  common.pb.cc
  brush_stroke.pb.cc
  geometry.pb.cc
  paint.pb.cc
  codec.cpp
  object.pb.cc
  operation.pb.cc
  connector.pb.cc
  Scanning sources for module dependencies...
  canvas_runtime_ink.vcxproj -> D:\GitRepos\mostorm-labs\canvas\build-windows-real\runtime\ink\RelWithDebInfo\canvas_runtime_ink.lib
  property.pb.cc
  rich_text.pb.cc
  vector_path.pb.cc
  snapshot.pb.cc
  Compiling...
  erase_mask.pb.cc
  brush_stroke.pb.cc
  geometry.pb.cc
  operation.pb.cc
  snapshot.cpp
  object.pb.cc
  common.pb.cc
  brush_engine.pb.cc
  connector.pb.cc
  protobuf_object_mapping.cpp
  codec.cpp
  paint.pb.cc
  property.pb.cc
  snapshot.pb.cc
  vector_path.pb.cc
  rich_text.pb.cc
  canvas_runtime_semantic.vcxproj -> D:\GitRepos\mostorm-labs\canvas\build-windows-real\runtime\semantic\RelWithDebInfo\canvas_runtime_semantic.lib
  Scanning sources for module dependencies...
  canvas_runtime_scene.vcxproj -> D:\GitRepos\mostorm-labs\canvas\build-windows-real\runtime\scene\RelWithDebInfo\canvas_runtime_scene.lib
  Scanning sources for module dependencies...
  canvas_runtime_render.vcxproj -> D:\GitRepos\mostorm-labs\canvas\build-windows-real\runtime\render\RelWithDebInfo\canvas_runtime_render.lib
  Scanning sources for module dependencies...
  axiom_render_editing_overlay_tests.vcxproj -> D:\GitRepos\mostorm-labs\canvas\build-windows-real\runtime\render\RelWithDebInfo\axiom_render_editing_overlay_tests.exe
